Component: ARM Compiler 5.06 update 7 (build 960) Tool: armlink [4d3601]

==============================================================================

Section Cross References

    startup_stm32f10x_md.o(STACK) refers (Special) to heapauxi.o(.text) for __use_two_region_memory
    startup_stm32f10x_md.o(HEAP) refers (Special) to heapauxi.o(.text) for __use_two_region_memory
    startup_stm32f10x_md.o(RESET) refers (Special) to heapauxi.o(.text) for __use_two_region_memory
    startup_stm32f10x_md.o(RESET) refers to startup_stm32f10x_md.o(STACK) for __initial_sp
    startup_stm32f10x_md.o(RESET) refers to startup_stm32f10x_md.o(.text) for Reset_Handler
    startup_stm32f10x_md.o(RESET) refers to stm32f10x_it.o(i.NMI_Handler) for NMI_Handler
    startup_stm32f10x_md.o(RESET) refers to stm32f10x_it.o(i.HardFault_Handler) for HardFault_Handler
    startup_stm32f10x_md.o(RESET) refers to stm32f10x_it.o(i.MemManage_Handler) for MemManage_Handler
    startup_stm32f10x_md.o(RESET) refers to stm32f10x_it.o(i.BusFault_Handler) for BusFault_Handler
    startup_stm32f10x_md.o(RESET) refers to stm32f10x_it.o(i.UsageFault_Handler) for UsageFault_Handler
    startup_stm32f10x_md.o(RESET) refers to port.o(.emb_text) for SVC_Handler
    startup_stm32f10x_md.o(RESET) refers to stm32f10x_it.o(i.DebugMon_Handler) for DebugMon_Handler
    startup_stm32f10x_md.o(RESET) refers to stm32f10x_it.o(i.SysTick_Handler) for SysTick_Handler
    startup_stm32f10x_md.o(RESET) refers to serial.o(i.USART2_IRQHandler) for USART2_IRQHandler
    startup_stm32f10x_md.o(.text) refers (Special) to heapauxi.o(.text) for __use_two_region_memory
    startup_stm32f10x_md.o(.text) refers to system_stm32f10x.o(i.SystemInit) for SystemInit
    startup_stm32f10x_md.o(.text) refers to __main.o(!!!main) for __main
    startup_stm32f10x_md.o(.text) refers to startup_stm32f10x_md.o(HEAP) for Heap_Mem
    startup_stm32f10x_md.o(.text) refers to startup_stm32f10x_md.o(STACK) for Stack_Mem
    system_stm32f10x.o(i.SetSysClock) refers to system_stm32f10x.o(i.SetSysClockTo72) for SetSysClockTo72
    system_stm32f10x.o(i.SystemCoreClockUpdate) refers to system_stm32f10x.o(.data) for SystemCoreClock
    system_stm32f10x.o(i.SystemInit) refers to system_stm32f10x.o(i.SetSysClock) for SetSysClock
    stm32f10x_adc.o(i.ADC_DeInit) refers to stm32f10x_rcc.o(i.RCC_APB2PeriphResetCmd) for RCC_APB2PeriphResetCmd
    stm32f10x_bkp.o(i.BKP_DeInit) refers to stm32f10x_rcc.o(i.RCC_BackupResetCmd) for RCC_BackupResetCmd
    stm32f10x_can.o(i.CAN_DeInit) refers to stm32f10x_rcc.o(i.RCC_APB1PeriphResetCmd) for RCC_APB1PeriphResetCmd
    stm32f10x_can.o(i.CAN_GetITStatus) refers to stm32f10x_can.o(i.CheckITStatus) for CheckITStatus
    stm32f10x_cec.o(i.CEC_DeInit) refers to stm32f10x_rcc.o(i.RCC_APB1PeriphResetCmd) for RCC_APB1PeriphResetCmd
    stm32f10x_dac.o(i.DAC_DeInit) refers to stm32f10x_rcc.o(i.RCC_APB1PeriphResetCmd) for RCC_APB1PeriphResetCmd
    stm32f10x_flash.o(i.FLASH_EnableWriteProtection) refers to stm32f10x_flash.o(i.FLASH_WaitForLastOperation) for FLASH_WaitForLastOperation
    stm32f10x_flash.o(i.FLASH_EraseAllBank1Pages) refers to stm32f10x_flash.o(i.FLASH_WaitForLastBank1Operation) for FLASH_WaitForLastBank1Operation
    stm32f10x_flash.o(i.FLASH_EraseAllPages) refers to stm32f10x_flash.o(i.FLASH_WaitForLastOperation) for FLASH_WaitForLastOperation
    stm32f10x_flash.o(i.FLASH_EraseOptionBytes) refers to stm32f10x_flash.o(i.FLASH_GetReadOutProtectionStatus) for FLASH_GetReadOutProtectionStatus
    stm32f10x_flash.o(i.FLASH_EraseOptionBytes) refers to stm32f10x_flash.o(i.FLASH_WaitForLastOperation) for FLASH_WaitForLastOperation
    stm32f10x_flash.o(i.FLASH_ErasePage) refers to stm32f10x_flash.o(i.FLASH_WaitForLastOperation) for FLASH_WaitForLastOperation
    stm32f10x_flash.o(i.FLASH_ProgramHalfWord) refers to stm32f10x_flash.o(i.FLASH_WaitForLastOperation) for FLASH_WaitForLastOperation
    stm32f10x_flash.o(i.FLASH_ProgramOptionByteData) refers to stm32f10x_flash.o(i.FLASH_WaitForLastOperation) for FLASH_WaitForLastOperation
    stm32f10x_flash.o(i.FLASH_ProgramWord) refers to stm32f10x_flash.o(i.FLASH_WaitForLastOperation) for FLASH_WaitForLastOperation
    stm32f10x_flash.o(i.FLASH_ReadOutProtection) refers to stm32f10x_flash.o(i.FLASH_WaitForLastOperation) for FLASH_WaitForLastOperation
    stm32f10x_flash.o(i.FLASH_UserOptionByteConfig) refers to stm32f10x_flash.o(i.FLASH_WaitForLastOperation) for FLASH_WaitForLastOperation
    stm32f10x_flash.o(i.FLASH_WaitForLastBank1Operation) refers to stm32f10x_flash.o(i.FLASH_GetBank1Status) for FLASH_GetBank1Status
    stm32f10x_flash.o(i.FLASH_WaitForLastOperation) refers to stm32f10x_flash.o(i.FLASH_GetBank1Status) for FLASH_GetBank1Status
    stm32f10x_gpio.o(i.GPIO_AFIODeInit) refers to stm32f10x_rcc.o(i.RCC_APB2PeriphResetCmd) for RCC_APB2PeriphResetCmd
    stm32f10x_gpio.o(i.GPIO_DeInit) refers to stm32f10x_rcc.o(i.RCC_APB2PeriphResetCmd) for RCC_APB2PeriphResetCmd
[...]
    Pump_State                               0x20000053   Data           1  autocontrol.o(.data)
    Fan_State                                0x20000054   Data           1  autocontrol.o(.data)
    Fill_State                               0x20000055   Data           1  autocontrol.o(.data)
    Servo_Angle                              0x20000056   Data           1  autocontrol.o(.data)
    .data                                    0x20000057   Section        5  ui.o(.data)
    UI_Page                                  0x20000057   Data           1  ui.o(.data)
    UI_DrawnPage                             0x20000058   Data           1  ui.o(.data)
    UI_SetSel                                0x20000059   Data           1  ui.o(.data)
    UI_ManSel                                0x2000005a   Data           1  ui.o(.data)
    UI_RedrawAll                             0x2000005b   Data           1  ui.o(.data)
    .data                                    0x2000005c   Section       28  main.o(.data)
    StartTask_Handler                        0x2000005c   Data           4  main.o(.data)
    ControlTask_Handler                      0x20000060   Data           4  main.o(.data)
    CommTask_Handler                         0x20000064   Data           4  main.o(.data)
    Sensor_Mutex                             0x20000068   Data           4  main.o(.data)
    DHT11_Data                               0x2000006c   Data           5  main.o(.data)
    DHT11_OK                                 0x20000071   Data           1  main.o(.data)
    System_Tick                              0x20000074   Data           4  main.o(.data)
    .data                                    0x20000078   Section       28  heap_4.o(.data)
    xStart                                   0x20000078   Data           8  heap_4.o(.data)
    pxEnd                                    0x20000080   Data           4  heap_4.o(.data)
    xFreeBytesRemaining                      0x20000084   Data           4  heap_4.o(.data)
    xMinimumEverFreeBytesRemaining           0x20000088   Data           4  heap_4.o(.data)
    xNumberOfSuccessfulAllocations           0x2000008c   Data           4  heap_4.o(.data)
    xNumberOfSuccessfulFrees                 0x20000090   Data           4  heap_4.o(.data)
    .data                                    0x20000094   Section        4  port.o(.data)
    uxCriticalNesting                        0x20000094   Data           4  port.o(.data)
    .data                                    0x20000098   Section       64  tasks.o(.data)
    pxDelayedTaskList                        0x2000009c   Data           4  tasks.o(.data)
    pxOverflowDelayedTaskList                0x200000a0   Data           4  tasks.o(.data)
    uxDeletedTasksWaitingCleanUp             0x200000a4   Data           4  tasks.o(.data)
    uxCurrentNumberOfTasks                   0x200000a8   Data           4  tasks.o(.data)
    xTickCount                               0x200000ac   Data           4  tasks.o(.data)
    uxTopReadyPriority                       0x200000b0   Data           4  tasks.o(.data)
    xSchedulerRunning                        0x200000b4   Data           4  tasks.o(.data)
    xPendedTicks                             0x200000b8   Data           4  tasks.o(.data)
    xYieldPendings                           0x200000bc   Data           4  tasks.o(.data)
    xNumOfOverflows                          0x200000c0   Data           4  tasks.o(.data)
    uxTaskNumber                             0x200000c4   Data           4  tasks.o(.data)
    xNextTaskUnblockTime                     0x200000c8   Data           4  tasks.o(.data)
    xIdleTaskHandles                         0x200000cc   Data           4  tasks.o(.data)
    uxTopUsedPriority                        0x200000d0   Data           4  tasks.o(.data)
    uxSchedulerSuspended                     0x200000d4   Data           4  tasks.o(.data)
    .bss                                     0x200000d8   Section     1024  serial.o(.bss)
    Serial_RxBuffer                          0x200000d8   Data        1024  serial.o(.bss)
    .bss                                     0x200004d8   Section      576  esp8266.o(.bss)
    ESP_PublishJson                          0x200004d8   Data         320  esp8266.o(.bss)
    ESP_CmdLineBuf                           0x20000618   Data         256  esp8266.o(.bss)
    .bss                                     0x20000718   Section       12  autocontrol.o(.bss)
    Servo_Action                             0x20000718   Data          12  autocontrol.o(.bss)
    .bss                                     0x20000724   Section       10  main.o(.bss)
    g_sensor                                 0x20000724   Data          10  main.o(.bss)
    .bss                                     0x2000072e   Section    10240  heap_4.o(.bss)
    ucHeap                                   0x2000072e   Data       10240  heap_4.o(.bss)
    .bss                                     0x20002f30   Section      740  tasks.o(.bss)
    pxReadyTasksLists                        0x20002f30   Data         640  tasks.o(.bss)
    xDelayedTaskList1                        0x200031b0   Data          20  tasks.o(.bss)
    xDelayedTaskList2                        0x200031c4   Data          20  tasks.o(.bss)
    xPendingReadyList                        0x200031d8   Data          20  tasks.o(.bss)
    xTasksWaitingTermination                 0x200031ec   Data          20  tasks.o(.bss)
    xSuspendedTaskList                       0x20003200   Data          20  tasks.o(.bss)
    .bss                                     0x20003214   Section       96  libspace.o(.bss)
    HEAP                                     0x20003278   Section      512  startup_stm32f10x_md.o(HEAP)
    Heap_Mem                                 0x20003278   Data         512  startup_stm32f10x_md.o(HEAP)
    STACK                                    0x20003478   Section     1024  startup_stm32f10x_md.o(STACK)
    Stack_Mem                                0x20003478   Data        1024  startup_stm32f10x_md.o(STACK)
    __initial_sp                             0x20003878   Data           0  startup_stm32f10x_md.o(STACK)

    Global Symbols

    Symbol Name                              Value     Ov Type        Size  Object(Section)

    BuildAttributes$$THM_ISAv4$P$D$K$B$S$PE$A:L22UL41UL21$X:L11$S22US41US21$IEEE1$IW$USESV6$~STKCKD$USESV7$~SHL$OSPACE$ROPI$EBA8$UX$STANDARDLIB$REQ8$PRES8$EABIv2 0x00000000   Number         0  anon$$obj.o ABSOLUTE
    __ARM_use_no_argv                        0x00000000   Number         0  main.o ABSOLUTE
    _printf_flags                            0x00000000   Number         0  printf_stubs.o ABSOLUTE
    _printf_return_value                     0x00000000   Number         0  printf_stubs.o ABSOLUTE
    _printf_sizespec                         0x00000000   Number         0  printf_stubs.o ABSOLUTE
    _printf_widthprec                        0x00000000   Number         0  printf_stubs.o ABSOLUTE
    __ARM_exceptions_init                     - Undefined Weak Reference
    __alloca_initialize                       - Undefined Weak Reference
    __arm_fini_                               - Undefined Weak Reference
    __arm_preinit_                            - Undefined Weak Reference
    __cpp_initialize__aeabi_                  - Undefined Weak Reference
    __cxa_finalize                            - Undefined Weak Reference
    __sigvec_lookup                           - Undefined Weak Reference
    _atexit_init                              - Undefined Weak Reference
    _call_atexit_fns                          - Undefined Weak Reference
    _clock_init                               - Undefined Weak Reference
    _fp_trap_init                             - Undefined Weak Reference
    _fp_trap_shutdown                         - Undefined Weak Reference
    _get_lc_collate                           - Undefined Weak Reference
    _get_lc_monetary                          - Undefined Weak Reference
    _get_lc_numeric                           - Undefined Weak Reference
    _get_lc_time                              - Undefined Weak Reference
    _getenv_init                              - Undefined Weak Reference
    _handle_redirection                       - Undefined Weak Reference
    _init_alloc                               - Undefined Weak Reference
    _init_user_alloc                          - Undefined Weak Reference
    _initio                                   - Undefined Weak Reference
    _printf_mbtowc                            - Undefined Weak Reference
    _printf_truncate_signed                   - Undefined Weak Reference
    _printf_truncate_unsigned                 - Undefined Weak Reference
    _rand_init                                - Undefined Weak Reference
    _signal_finish                            - Undefined Weak Reference
    _signal_init                              - Undefined Weak Reference
    _terminate_alloc                          - Undefined Weak Reference
    _terminate_user_alloc                     - Undefined Weak Reference
    _terminateio                              - Undefined Weak Reference
    __Vectors_Size                           0x000000ec   Number         0  startup_stm32f10x_md.o ABSOLUTE
    __Vectors                                0x08000000   Data           4  startup_stm32f10x_md.o(RESET)
    __Vectors_End                            0x080000ec   Data           0  startup_stm32f10x_md.o(RESET)
    __main                                   0x080000ed   Thumb Code     8  __main.o(!!!main)
    __scatterload                            0x080000f5   Thumb Code     0  __scatter.o(!!!scatter)
    __scatterload_rt2                        0x080000f5   Thumb Code    44  __scatter.o(!!!scatter)
    __scatterload_rt2_thumb_only             0x080000f5   Thumb Code     0  __scatter.o(!!!scatter)
    __scatterload_null                       0x08000103   Thumb Code     0  __scatter.o(!!!scatter)
    __scatterload_copy                       0x08000129   Thumb Code    26  __scatter_copy.o(!!handler_copy)
    __scatterload_zeroinit                   0x08000145   Thumb Code    28  __scatter_zi.o(!!handler_zi)
    _printf_d                                0x08000161   Thumb Code     0  _printf_d.o(.ARM.Collect$$_printf_percent$$00000009)
    _printf_percent                          0x08000161   Thumb Code     0  _printf_percent.o(.ARM.Collect$$_printf_percent$$00000000)
    _printf_u                                0x08000167   Thumb Code     0  _printf_u.o(.ARM.Collect$$_printf_percent$$0000000A)
    _printf_s                                0x0800016d   Thumb Code     0  _printf_s.o(.ARM.Collect$$_printf_percent$$00000014)
    _printf_percent_end                      0x08000173   Thumb Code     0  _printf_percent_end.o(.ARM.Collect$$_printf_percent$$00000017)
    __rt_lib_init                            0x08000177   Thumb Code     0  libinit.o(.ARM.Collect$$libinit$$00000000)
    __rt_lib_init_fp_1                       0x08000179   Thumb Code     0  libinit2.o(.ARM.Collect$$libinit$$00000002)
    __rt_lib_init_heap_1                     0x08000179   Thumb Code     0  libinit2.o(.ARM.Collect$$libinit$$0000000A)
    __rt_lib_init_lc_common                  0x08000179   Thumb Code     0  libinit2.o(.ARM.Collect$$libinit$$0000000F)
    __rt_lib_init_preinit_1                  0x08000179   Thumb Code     0  libinit2.o(.ARM.Collect$$libinit$$00000004)
    __rt_lib_init_rand_1                     0x08000179   Thumb Code     0  libinit2.o(.ARM.Collect$$libinit$$0000000E)
    __rt_lib_init_user_alloc_1               0x08000179   Thumb Code     0  libinit2.o(.ARM.Collect$$libinit$$0000000C)
    __rt_lib_init_lc_collate_1               0x0800017f   Thumb Code     0  libinit2.o(.ARM.Collect$$libinit$$00000011)
    __rt_lib_init_lc_ctype_2                 0x0800017f   Thumb Code     0  libinit2.o(.ARM.Collect$$libinit$$00000012)
    __rt_lib_init_alloca_1                   0x0800018b   Thumb Code     0  libinit2.o(.ARM.Collect$$libinit$$0000002E)
    __rt_lib_init_argv_1                     0x0800018b   Thumb Code     0  libinit2.o(.ARM.Collect$$libinit$$0000002C)
    __rt_lib_init_atexit_1                   0x0800018b   Thumb Code     0  libinit2.o(.ARM.Collect$$libinit$$0000001B)
    __rt_lib_init_clock_1                    0x0800018b   Thumb Code     0  libinit2.o(.ARM.Collect$$libinit$$00000021)
    __rt_lib_init_cpp_1                      0x0800018b   Thumb Code     0  libinit2.o(.ARM.Collect$$libinit$$00000032)
    __rt_lib_init_exceptions_1               0x0800018b   Thumb Code     0  libinit2.o(.ARM.Collect$$libinit$$00000030)
    __rt_lib_init_fp_trap_1                  0x0800018b   Thumb Code     0  libinit2.o(.ARM.Collect$$libinit$$0000001F)
    __rt_lib_init_getenv_1                   0x0800018b   Thumb Code     0  libinit2.o(.ARM.Collect$$libinit$$00000023)
    __rt_lib_init_lc_ctype_1                 0x0800018b   Thumb Code     0  libinit2.o(.ARM.Collect$$libinit$$00000013)
    __rt_lib_init_lc_monetary_1              0x0800018b   Thumb Code     0  libinit2.o(.ARM.Collect$$libinit$$00000015)
    __rt_lib_init_lc_numeric_1               0x0800018b   Thumb Code     0  libinit2.o(.ARM.Collect$$libinit$$00000017)
    __rt_lib_init_lc_time_1                  0x0800018b   Thumb Code     0  libinit2.o(.ARM.Collect$$libinit$$00000019)
    __rt_lib_init_return                     0x0800018b   Thumb Code     0  libinit2.o(.ARM.Collect$$libinit$$00000033)
    __rt_lib_init_signal_1                   0x0800018b   Thumb Code     0  libinit2.o(.ARM.Collect$$libinit$$0000001D)
    __rt_lib_init_stdio_1                    0x0800018b   Thumb Code     0  libinit2.o(.ARM.Collect$$libinit$$00000025)
    __rt_lib_shutdown                        0x0800018d   Thumb Code     0  libshutdown.o(.ARM.Collect$$libshutdown$$00000000)
    __rt_lib_shutdown_cpp_1                  0x0800018f   Thumb Code     0  libshutdown2.o(.ARM.Collect$$libshutdown$$00000004)
    __rt_lib_shutdown_fini_1                 0x0800018f   Thumb Code     0  libshutdown2.o(.ARM.Collect$$libshutdown$$00000002)
    __rt_lib_shutdown_fp_trap_1              0x0800018f   Thumb Code     0  libshutdown2.o(.ARM.Collect$$libshutdown$$00000009)
    __rt_lib_shutdown_heap_1                 0x0800018f   Thumb Code     0  libshutdown2.o(.ARM.Collect$$libshutdown$$00000011)
    __rt_lib_shutdown_return                 0x0800018f   Thumb Code     0  libshutdown2.o(.ARM.Collect$$libshutdown$$00000012)
    __rt_lib_shutdown_signal_1               0x0800018f   Thumb Code     0  libshutdown2.o(.ARM.Collect$$libshutdown$$0000000C)
    __rt_lib_shutdown_stdio_1                0x0800018f   Thumb Code     0  libshutdown2.o(.ARM.Collect$$libshutdown$$00000006)
    __rt_lib_shutdown_user_alloc_1           0x0800018f   Thumb Code     0  libshutdown2.o(.ARM.Collect$$libshutdown$$0000000E)
    __rt_entry                               0x08000191   Thumb Code     0  __rtentry.o(.ARM.Collect$$rtentry$$00000000)
    __rt_entry_presh_1                       0x08000191   Thumb Code     0  __rtentry2.o(.ARM.Collect$$rtentry$$00000002)
    __rt_entry_sh                            0x08000191   Thumb Code     0  __rtentry4.o(.ARM.Collect$$rtentry$$00000004)
    __rt_entry_li                            0x08000197   Thumb Code     0  __rtentry2.o(.ARM.Collect$$rtentry$$0000000A)
    __rt_entry_postsh_1                      0x08000197   Thumb Code     0  __rtentry2.o(.ARM.Collect$$rtentry$$00000009)
    __rt_entry_main                          0x0800019b   Thumb Code     0  __rtentry2.o(.ARM.Collect$$rtentry$$0000000D)
    __rt_entry_postli_1                      0x0800019b   Thumb Code     0  __rtentry2.o(.ARM.Collect$$rtentry$$0000000C)
    __rt_exit                                0x080001a3   Thumb Code     0  rtexit.o(.ARM.Collect$$rtexit$$00000000)
    __rt_exit_ls                             0x080001a5   Thumb Code     0  rtexit2.o(.ARM.Collect$$rtexit$$00000003)
    __rt_exit_prels_1                        0x080001a5   Thumb Code     0  rtexit2.o(.ARM.Collect$$rtexit$$00000002)
    __rt_exit_exit                           0x080001a9   Thumb Code     0  rtexit2.o(.ARM.Collect$$rtexit$$00000004)
    SVC_Handler                              0x080001b1   Thumb Code    32  port.o(.emb_text)
    __asm___6_port_c_39a90d8d__prvStartFirstTask 0x080001d5   Thumb Code    28  port.o(.emb_text)
    PendSV_Handler                           0x080001f5   Thumb Code    72  port.o(.emb_text)
    vPortGetIPSR                             0x08000241   Thumb Code     6  port.o(.emb_text)
    Reset_Handler                            0x08000249   Thumb Code     8  startup_stm32f10x_md.o(.text)
    ADC1_2_IRQHandler                        0x08000263   Thumb Code     0  startup_stm32f10x_md.o(.text)
    CAN1_RX1_IRQHandler                      0x08000263   Thumb Code     0  startup_stm32f10x_md.o(.text)
    CAN1_SCE_IRQHandler                      0x08000263   Thumb Code     0  startup_stm32f10x_md.o(.text)
    DMA1_Channel1_IRQHandler                 0x08000263   Thumb Code     0  startup_stm32f10x_md.o(.text)
    DMA1_Channel2_IRQHandler                 0x08000263   Thumb Code     0  startup_stm32f10x_md.o(.text)
    DMA1_Channel3_IRQHandler                 0x08000263   Thumb Code     0  startup_stm32f10x_md.o(.text)
    DMA1_Channel4_IRQHandler                 0x08000263   Thumb Code     0  startup_stm32f10x_md.o(.text)
    DMA1_Channel5_IRQHandler                 0x08000263   Thumb Code     0  startup_stm32f10x_md.o(.text)
    DMA1_Channel6_IRQHandler                 0x08000263   Thumb Code     0  startup_stm32f10x_md.o(.text)
    DMA1_Channel7_IRQHandler                 0x08000263   Thumb Code     0  startup_stm32f10x_md.o(.text)
    EXTI0_IRQHandler                         0x08000263   Thumb Code     0  startup_stm32f10x_md.o(.text)
    EXTI15_10_IRQHandler                     0x08000263   Thumb Code     0  startup_stm32f10x_md.o(.text)
    EXTI1_IRQHandler                         0x08000263   Thumb Code     0  startup_stm32f10x_md.o(.text)
    EXTI2_IRQHandler                         0x08000263   Thumb Code     0  startup_stm32f10x_md.o(.text)
    EXTI3_IRQHandler                         0x08000263   Thumb Code     0  startup_stm32f10x_md.o(.text)
    EXTI4_IRQHandler                         0x08000263   Thumb Code     0  startup_stm32f10x_md.o(.text)
    EXTI9_5_IRQHandler                       0x08000263   Thumb Code     0  startup_stm32f10x_md.o(.text)
    FLASH_IRQHandler                         0x08000263   Thumb Code     0  startup_stm32f10x_md.o(.text)
    I2C1_ER_IRQHandler                       0x08000263   Thumb Code     0  startup_stm32f10x_md.o(.text)
    I2C1_EV_IRQHandler                       0x08000263   Thumb Code     0  startup_stm32f10x_md.o(.text)
    I2C2_ER_IRQHandler                       0x08000263   Thumb Code     0  startup_stm32f10x_md.o(.text)
    I2C2_EV_IRQHandler                       0x08000263   Thumb Code     0  startup_stm32f10x_md.o(.text)
    PVD_IRQHandler                           0x08000263   Thumb Code     0  startup_stm32f10x_md.o(.text)
    RCC_IRQHandler                           0x08000263   Thumb Code     0  startup_stm32f10x_md.o(.text)
    RTCAlarm_IRQHandler                      0x08000263   Thumb Code     0  startup_stm32f10x_md.o(.text)
    RTC_IRQHandler                           0x08000263   Thumb Code     0  startup_stm32f10x_md.o(.text)
    SPI1_IRQHandler                          0x08000263   Thumb Code     0  startup_stm32f10x_md.o(.text)
    SPI2_IRQHandler                          0x08000263   Thumb Code     0  startup_stm32f10x_md.o(.text)
    TAMPER_IRQHandler                        0x08000263   Thumb Code     0  startup_stm32f10x_md.o(.text)
    TIM1_BRK_IRQHandler                      0x08000263   Thumb Code     0  startup_stm32f10x_md.o(.text)
    TIM1_CC_IRQHandler                       0x08000263   Thumb Code     0  startup_stm32f10x_md.o(.text)
    TIM1_TRG_COM_IRQHandler                  0x08000263   Thumb Code     0  startup_stm32f10x_md.o(.text)
    TIM1_UP_IRQHandler                       0x08000263   Thumb Code     0  startup_stm32f10x_md.o(.text)
    TIM2_IRQHandler                          0x08000263   Thumb Code     0  startup_stm32f10x_md.o(.text)
    TIM3_IRQHandler                          0x08000263   Thumb Code     0  startup_stm32f10x_md.o(.text)
    TIM4_IRQHandler                          0x08000263   Thumb Code     0  startup_stm32f10x_md.o(.text)
    USART1_IRQHandler                        0x08000263   Thumb Code     0  startup_stm32f10x_md.o(.text)
    USART3_IRQHandler                        0x08000263   Thumb Code     0  startup_stm32f10x_md.o(.text)
    USBWakeUp_IRQHandler                     0x08000263   Thumb Code     0  startup_stm32f10x_md.o(.text)
    USB_HP_CAN1_TX_IRQHandler                0x08000263   Thumb Code     0  startup_stm32f10x_md.o(.text)
    USB_LP_CAN1_RX0_IRQHandler               0x08000263   Thumb Code     0  startup_stm32f10x_md.o(.text)
    WWDG_IRQHandler                          0x08000263   Thumb Code     0  startup_stm32f10x_md.o(.text)
    __user_initial_stackheap                 0x08000265   Thumb Code     0  startup_stm32f10x_md.o(.text)
    __aeabi_uldivmod                         0x08000289   Thumb Code     0  lludivv7m.o(.text)
    _ll_udiv                                 0x08000289   Thumb Code   238  lludivv7m.o(.text)
    __2sprintf                               0x08000379   Thumb Code    34  noretval__2sprintf.o(.text)
    _printf_pre_padding                      0x080003a1   Thumb Code    44  _printf_pad.o(.text)
    _printf_post_padding                     0x080003cd   Thumb Code    34  _printf_pad.o(.text)
    _printf_str                              0x080003ef   Thumb Code    82  _printf_str.o(.text)
    _printf_int_dec                          0x08000441   Thumb Code   104  _printf_dec.o(.text)
    __printf                                 0x080004b9   Thumb Code   270  __printf_wp.o(.text)
    atoi                                     0x080005c7   Thumb Code    26  atoi.o(.text)
    strstr                                   0x080005e1   Thumb Code    36  strstr.o(.text)
    memcmp                                   0x08000605   Thumb Code    88  memcmp.o(.text)
    strlen                                   0x0800065d   Thumb Code    62  strlen.o(.text)
    __aeabi_memcpy                           0x0800069b   Thumb Code     0  rt_memcpy_v6.o(.text)
    __rt_memcpy                              0x0800069b   Thumb Code   138  rt_memcpy_v6.o(.text)
    _memcpy_lastbytes                        0x08000701   Thumb Code     0  rt_memcpy_v6.o(.text)
    __aeabi_memclr4                          0x08000725   Thumb Code     0  rt_memclr_w.o(.text)
    __aeabi_memclr8                          0x08000725   Thumb Code     0  rt_memclr_w.o(.text)
    __rt_memclr_w                            0x08000725   Thumb Code    78  rt_memclr_w.o(.text)
    _memset_w                                0x08000729   Thumb Code     0  rt_memclr_w.o(.text)
    __use_two_region_memory                  0x08000773   Thumb Code     2  heapauxi.o(.text)
    __rt_heap_escrow$2region                 0x08000775   Thumb Code     2  heapauxi.o(.text)
    __rt_heap_expand$2region                 0x08000777   Thumb Code     2  heapauxi.o(.text)
    __aeabi_errno_addr                       0x08000779   Thumb Code     8  rt_errno_addr_intlibspace.o(.text)
    __errno$intlibspace                      0x08000779   Thumb Code     0  rt_errno_addr_intlibspace.o(.text)
    __rt_errno_addr$intlibspace              0x08000779   Thumb Code     0  rt_errno_addr_intlibspace.o(.text)
    _printf_int_common                       0x08000781   Thumb Code   178  _printf_intcommon.o(.text)
    _printf_char_common                      0x0800083f   Thumb Code    32  _printf_char_common.o(.text)
    _sputc                                   0x08000865   Thumb Code    10  _sputc.o(.text)
    _printf_cs_common                        0x0800086f   Thumb Code    20  _printf_char.o(.text)
    _printf_char                             0x08000883   Thumb Code    16  _printf_char.o(.text)
    _printf_string                           0x08000893   Thumb Code     8  _printf_char.o(.text)
    strtol                                   0x0800089b   Thumb Code   112  strtol.o(.text)
    __aeabi_memcpy4                          0x0800090b   Thumb Code     0  rt_memcpy_w.o(.text)
    __aeabi_memcpy8                          0x0800090b   Thumb Code     0  rt_memcpy_w.o(.text)
    __rt_memcpy_w                            0x0800090b   Thumb Code   100  rt_memcpy_w.o(.text)
    _memcpy_lastbytes_aligned                0x08000953   Thumb Code     0  rt_memcpy_w.o(.text)
    __user_libspace                          0x08000971   Thumb Code     8  libspace.o(.text)
    __user_perproc_libspace                  0x08000971   Thumb Code     0  libspace.o(.text)
    __user_perthread_libspace                0x08000971   Thumb Code     0  libspace.o(.text)
    __rt_ctype_table                         0x08000979   Thumb Code    16  rt_ctype_table.o(.text)
    _strtoul                                 0x08000989   Thumb Code   158  _strtoul.o(.text)
    __user_setup_stackheap                   0x08000a27   Thumb Code    74  sys_stackheap_outer.o(.text)
    __rt_locale                              0x08000a71   Thumb Code     8  rt_locale_intlibspace.o(.text)
    _chval                                   0x08000a79   Thumb Code    28  _chval.o(.text)
    exit                                     0x08000a95   Thumb Code    18  exit.o(.text)
    strcmp                                   0x08000aa9   Thumb Code   128  strcmpv7m.o(.text)
    _sys_exit                                0x08000b29   Thumb Code     8  sys_exit.o(.text)
    __I$use$semihosting                      0x08000b35   Thumb Code     0  use_no_semi.o(.text)
    __use_no_semihosting_swi                 0x08000b35   Thumb Code     2  use_no_semi.o(.text)
    ADC_Cmd                                  0x08000b37   Thumb Code    22  stm32f10x_adc.o(i.ADC_Cmd)
    __semihosting_library_function           0x08000b37   Thumb Code     0  indicate_semi.o(.text)
    ADC_GetCalibrationStatus                 0x08000b4d   Thumb Code    20  stm32f10x_adc.o(i.ADC_GetCalibrationStatus)
    ADC_GetConversionValue                   0x08000b61   Thumb Code     8  stm32f10x_adc.o(i.ADC_GetConversionValue)
    ADC_GetFlagStatus                        0x08000b69   Thumb Code    18  stm32f10x_adc.o(i.ADC_GetFlagStatus)
    ADC_GetResetCalibrationStatus            0x08000b7b   Thumb Code    20  stm32f10x_adc.o(i.ADC_GetResetCalibrationStatus)
    ADC_Init                                 0x08000b91   Thumb Code    70  stm32f10x_adc.o(i.ADC_Init)
    ADC_RegularChannelConfig                 0x08000be1   Thumb Code   184  stm32f10x_adc.o(i.ADC_RegularChannelConfig)
    ADC_ResetCalibration                     0x08000c99   Thumb Code    10  stm32f10x_adc.o(i.ADC_ResetCalibration)
    ADC_SoftwareStartConvCmd                 0x08000ca3   Thumb Code    22  stm32f10x_adc.o(i.ADC_SoftwareStartConvCmd)
    ADC_StartCalibration                     0x08000cb9   Thumb Code    10  stm32f10x_adc.o(i.ADC_StartCalibration)
    AT24C02_Init                             0x08000cf5   Thumb Code    70  at24c02.o(i.AT24C02_Init)
    AT24C02_ReadBytes                        0x08000d61   Thumb Code   132  at24c02.o(i.AT24C02_ReadBytes)
    AT24C02_WriteBytes                       0x08000e21   Thumb Code   182  at24c02.o(i.AT24C02_WriteBytes)
    AutoControl_AdjustThreshold              0x08000edd   Thumb Code   272  autocontrol.o(i.AutoControl_AdjustThreshold)
    AutoControl_ApplyCommand                 0x08001035   Thumb Code    52  autocontrol.o(i.AutoControl_ApplyCommand)
    AutoControl_ApplyManual                  0x0800106d   Thumb Code    70  autocontrol.o(i.AutoControl_ApplyManual)
    AutoControl_GetAlarmFlags                0x0800115d   Thumb Code     6  autocontrol.o(i.AutoControl_GetAlarmFlags)
    AutoControl_GetFanState                  0x08001169   Thumb Code     6  autocontrol.o(i.AutoControl_GetFanState)
    AutoControl_GetFillState                 0x08001175   Thumb Code     6  autocontrol.o(i.AutoControl_GetFillState)
    AutoControl_GetMode                      0x08001181   Thumb Code     6  autocontrol.o(i.AutoControl_GetMode)
    AutoControl_GetPumpState                 0x0800118d   Thumb Code     6  autocontrol.o(i.AutoControl_GetPumpState)
    AutoControl_GetServoAngle                0x08001199   Thumb Code     6  autocontrol.o(i.AutoControl_GetServoAngle)
    AutoControl_GetThreshold                 0x080011a5   Thumb Code     4  autocontrol.o(i.AutoControl_GetThreshold)
    AutoControl_Init                         0x080011ad   Thumb Code    48  autocontrol.o(i.AutoControl_Init)
    AutoControl_SetThreshold                 0x080012cd   Thumb Code    30  autocontrol.o(i.AutoControl_SetThreshold)
    AutoControl_ToggleMode                   0x0800130d   Thumb Code    18  autocontrol.o(i.AutoControl_ToggleMode)
    AutoControl_UpdateAuto                   0x08001325   Thumb Code   300  autocontrol.o(i.AutoControl_UpdateAuto)
    BusFault_Handler                         0x080014a5   Thumb Code     4  stm32f10x_it.o(i.BusFault_Handler)
    Buzzer_Beep                              0x080014a9   Thumb Code    20  buzzer.o(i.Buzzer_Beep)
    Buzzer_Init                              0x080014bd   Thumb Code    46  buzzer.o(i.Buzzer_Init)
    Buzzer_OFF                               0x080014f1   Thumb Code    12  buzzer.o(i.Buzzer_OFF)
    Buzzer_ON                                0x08001501   Thumb Code    12  buzzer.o(i.Buzzer_ON)
    DHT11_Init                               0x08001511   Thumb Code    32  dht11.o(i.DHT11_Init)
    DebugMon_Handler                         0x080016f1   Thumb Code     2  stm32f10x_it.o(i.DebugMon_Handler)
    Delay_ms                                 0x080016f3   Thumb Code    74  delay.o(i.Delay_ms)
    Delay_us                                 0x0800173d   Thumb Code    12  delay.o(i.Delay_us)
    ESP8266_GetStatus                        0x080019b5   Thumb Code     6  esp8266.o(i.ESP8266_GetStatus)
    ESP8266_GetStatusText                    0x080019c1   Thumb Code    42  esp8266.o(i.ESP8266_GetStatusText)
    ESP8266_Init                             0x08001afd   Thumb Code    38  esp8266.o(i.ESP8266_Init)
    ESP8266_IsBusy                           0x08001b41   Thumb Code     6  esp8266.o(i.ESP8266_IsBusy)
    ESP8266_IsConnected                      0x08001b4d   Thumb Code     6  esp8266.o(i.ESP8266_IsConnected)
    ESP8266_Process                          0x08001b59   Thumb Code    58  esp8266.o(i.ESP8266_Process)
    ESP8266_PublishSensorData                0x08001b9d   Thumb Code   502  esp8266.o(i.ESP8266_PublishSensorData)
    ESP8266_TCP_Connect                      0x08001dbd   Thumb Code   356  esp8266.o(i.ESP8266_TCP_Connect)
    FillLight_Init                           0x0800217d   Thumb Code    46  filllight.o(i.FillLight_Init)
    FillLight_OFF                            0x080021b1   Thumb Code    12  filllight.o(i.FillLight_OFF)
    FillLight_ON                             0x080021c1   Thumb Code    12  filllight.o(i.FillLight_ON)
    FillLight_Set                            0x080021d1   Thumb Code    18  filllight.o(i.FillLight_Set)
    GPIO_Init                                0x080021e3   Thumb Code   278  stm32f10x_gpio.o(i.GPIO_Init)
    GPIO_ReadInputDataBit                    0x080022f9   Thumb Code    18  stm32f10x_gpio.o(i.GPIO_ReadInputDataBit)
    GPIO_ResetBits                           0x0800230b   Thumb Code     4  stm32f10x_gpio.o(i.GPIO_ResetBits)
    GPIO_SetBits                             0x0800230f   Thumb Code     4  stm32f10x_gpio.o(i.GPIO_SetBits)
    Gui_DrawFont_GBK16                       0x08002389   Thumb Code    84  lcd.o(i.Gui_DrawFont_GBK16)
    HardFault_Handler                        0x080023dd   Thumb Code     4  stm32f10x_it.o(i.HardFault_Handler)
    Key_GetEvent                             0x080026a9   Thumb Code    48  key.o(i.Key_GetEvent)
    Key_Init                                 0x080026e5   Thumb Code    72  key.o(i.Key_Init)
    Key_Update                               0x08002741   Thumb Code    98  key.o(i.Key_Update)
    LCD_FillRect                             0x080027b9   Thumb Code   104  lcd.o(i.LCD_FillRect)
    LCD_GPIO_Init                            0x08002821   Thumb Code    90  lcd.o(i.LCD_GPIO_Init)
    LCD_ShowChineseFont                      0x08002885   Thumb Code   316  lcd.o(i.LCD_ShowChineseFont)
    LCD_WriteData_16Bit                      0x080029c5   Thumb Code    56  lcd.o(i.LCD_WriteData_16Bit)
    Lcd_Clear                                0x08002a01   Thumb Code    50  lcd.o(i.Lcd_Clear)
    Lcd_Init                                 0x08002a35   Thumb Code   554  lcd.o(i.Lcd_Init)
    Lcd_Reset                                0x08002c65   Thumb Code    34  lcd.o(i.Lcd_Reset)
    Lcd_SetRegion                            0x08002c8d   Thumb Code   202  lcd.o(i.Lcd_SetRegion)
    Lcd_WriteData                            0x08002d5d   Thumb Code    50  lcd.o(i.Lcd_WriteData)
    Lcd_WriteIndex                           0x08002d95   Thumb Code    48  lcd.o(i.Lcd_WriteIndex)
    MemManage_Handler                        0x08002dc9   Thumb Code     4  stm32f10x_it.o(i.MemManage_Handler)
    NMI_Handler                              0x08002dcd   Thumb Code     2  stm32f10x_it.o(i.NMI_Handler)
    NVIC_Init                                0x08002dd1   Thumb Code   100  misc.o(i.NVIC_Init)
    RCC_ADCCLKConfig                         0x08002e41   Thumb Code    18  stm32f10x_rcc.o(i.RCC_ADCCLKConfig)
    RCC_APB1PeriphClockCmd                   0x08002e59   Thumb Code    26  stm32f10x_rcc.o(i.RCC_APB1PeriphClockCmd)
    RCC_APB2PeriphClockCmd                   0x08002e79   Thumb Code    26  stm32f10x_rcc.o(i.RCC_APB2PeriphClockCmd)
    RCC_GetClocksFreq                        0x08002e99   Thumb Code   192  stm32f10x_rcc.o(i.RCC_GetClocksFreq)
    Read_DHT11                               0x08002f6d   Thumb Code    80  dht11.o(i.Read_DHT11)
    Relay1_OFF                               0x08002fbd   Thumb Code    14  relay.o(i.Relay1_OFF)
    Relay1_ON                                0x08002fd1   Thumb Code    14  relay.o(i.Relay1_ON)
    Relay2_OFF                               0x08002fe5   Thumb Code    14  relay.o(i.Relay2_OFF)
    Relay2_ON                                0x08002ff9   Thumb Code    14  relay.o(i.Relay2_ON)
    Relay_Init                               0x0800300d   Thumb Code    50  relay.o(i.Relay_Init)
    SensorADC_GetLight                       0x080030f9   Thumb Code     6  sensoradc.o(i.SensorADC_GetLight)
    SensorADC_GetMQ2                         0x08003105   Thumb Code     6  sensoradc.o(i.SensorADC_GetMQ2)
    SensorADC_GetSoil                        0x08003111   Thumb Code     6  sensoradc.o(i.SensorADC_GetSoil)
    SensorADC_Init                           0x0800311d   Thumb Code   114  sensoradc.o(i.SensorADC_Init)
    SensorADC_ToVolt_x10                     0x0800325d   Thumb Code    18  sensoradc.o(i.SensorADC_ToVolt_x10)
    SensorADC_Update                         0x08003271   Thumb Code    38  sensoradc.o(i.SensorADC_Update)
    Serial_FlushRx                           0x08003309   Thumb Code    12  serial.o(i.Serial_FlushRx)
    Serial_GetRxBuffer                       0x0800331d   Thumb Code    14  serial.o(i.Serial_GetRxBuffer)
    Serial_GetRxLen                          0x08003335   Thumb Code     6  serial.o(i.Serial_GetRxLen)
    Serial_Init                              0x08003341   Thumb Code   160  serial.o(i.Serial_Init)
    Serial_SendBuffer                        0x080033e9   Thumb Code    26  serial.o(i.Serial_SendBuffer)
    Serial_SendByte                          0x08003405   Thumb Code    28  serial.o(i.Serial_SendByte)
    Serial_SendString                        0x08003425   Thumb Code    22  serial.o(i.Serial_SendString)
    Servo_Init                               0x08003459   Thumb Code   228  servo.o(i.Servo_Init)
    Servo_SetAngle                           0x08003549   Thumb Code    32  servo.o(i.Servo_SetAngle)
    SysTick_Handler                          0x08003659   Thumb Code    16  stm32f10x_it.o(i.SysTick_Handler)
    SystemInit                               0x08003669   Thumb Code    78  system_stm32f10x.o(i.SystemInit)
    TIM_ARRPreloadConfig                     0x080036c9   Thumb Code    24  stm32f10x_tim.o(i.TIM_ARRPreloadConfig)
    TIM_BDTRConfig                           0x080036e1   Thumb Code    32  stm32f10x_tim.o(i.TIM_BDTRConfig)
    TIM_BDTRStructInit                       0x08003701   Thumb Code    18  stm32f10x_tim.o(i.TIM_BDTRStructInit)
    TIM_Cmd                                  0x08003713   Thumb Code    24  stm32f10x_tim.o(i.TIM_Cmd)
    TIM_CtrlPWMOutputs                       0x0800372b   Thumb Code    30  stm32f10x_tim.o(i.TIM_CtrlPWMOutputs)
    TIM_OC3Init                              0x08003749   Thumb Code   150  stm32f10x_tim.o(i.TIM_OC3Init)
    TIM_OC3PreloadConfig                     0x080037e9   Thumb Code    18  stm32f10x_tim.o(i.TIM_OC3PreloadConfig)
    TIM_OCStructInit                         0x080037fb   Thumb Code    20  stm32f10x_tim.o(i.TIM_OCStructInit)
    TIM_SetCompare3                          0x0800380f   Thumb Code     4  stm32f10x_tim.o(i.TIM_SetCompare3)
    TIM_TimeBaseInit                         0x08003815   Thumb Code   122  stm32f10x_tim.o(i.TIM_TimeBaseInit)
    TIM_TimeBaseStructInit                   0x080038b9   Thumb Code    18  stm32f10x_tim.o(i.TIM_TimeBaseStructInit)
    UI_ForceRedraw                           0x08004271   Thumb Code     8  ui.o(i.UI_ForceRedraw)
    UI_Init                                  0x080042ad   Thumb Code    30  ui.o(i.UI_Init)
    UI_OnKey                                 0x080042e1   Thumb Code   382  ui.o(i.UI_OnKey)
    UI_SetTick                               0x08004471   Thumb Code     2  ui.o(i.UI_SetTick)
    UI_Update                                0x08004475   Thumb Code    52  ui.o(i.UI_Update)
    USART2_IRQHandler                        0x080044b5   Thumb Code    50  serial.o(i.USART2_IRQHandler)
    USART_Cmd                                0x080044f5   Thumb Code    24  stm32f10x_usart.o(i.USART_Cmd)
    USART_GetFlagStatus                      0x0800450d   Thumb Code    26  stm32f10x_usart.o(i.USART_GetFlagStatus)
    USART_GetITStatus                        0x08004527   Thumb Code    84  stm32f10x_usart.o(i.USART_GetITStatus)
    USART_ITConfig                           0x0800457b   Thumb Code    74  stm32f10x_usart.o(i.USART_ITConfig)
    USART_Init                               0x080045c5   Thumb Code   210  stm32f10x_usart.o(i.USART_Init)
    USART_ReceiveData                        0x0800469d   Thumb Code    10  stm32f10x_usart.o(i.USART_ReceiveData)
    USART_SendData                           0x080046a7   Thumb Code     8  stm32f10x_usart.o(i.USART_SendData)
    UsageFault_Handler                       0x080046af   Thumb Code     4  stm32f10x_it.o(i.UsageFault_Handler)
    _is_digit                                0x080046bf   Thumb Code    14  __printf_wp.o(i._is_digit)
    main                                     0x08004801   Thumb Code    34  main.o(i.main)
    pvPortMalloc                             0x08004ed1   Thumb Code   240  heap_4.o(i.pvPortMalloc)
    pvTaskIncrementMutexHeldCount            0x08004fd5   Thumb Code    14  tasks.o(i.pvTaskIncrementMutexHeldCount)
    pxPortInitialiseStack                    0x08004fe9   Thumb Code    30  port.o(i.pxPortInitialiseStack)
    uxListRemove                             0x08005081   Thumb Code    40  list.o(i.uxListRemove)
    vListInitialise                          0x080050a9   Thumb Code    26  list.o(i.vListInitialise)
    vListInitialiseItem                      0x080050c3   Thumb Code     6  list.o(i.vListInitialiseItem)
    vListInsert                              0x080050c9   Thumb Code    52  list.o(i.vListInsert)
    vListInsertEnd                           0x080050fd   Thumb Code    24  list.o(i.vListInsertEnd)
    vPortEnterCritical                       0x08005115   Thumb Code    30  port.o(i.vPortEnterCritical)
    vPortExitCritical                        0x08005139   Thumb Code    28  port.o(i.vPortExitCritical)
    vPortFree                                0x08005159   Thumb Code    68  heap_4.o(i.vPortFree)
    vPortSetupTimerInterrupt                 0x080051a5   Thumb Code    20  port.o(i.vPortSetupTimerInterrupt)
    vTaskDelay                               0x080051bd   Thumb Code    46  tasks.o(i.vTaskDelay)
    vTaskDelete                              0x080051f1   Thumb Code   198  tasks.o(i.vTaskDelete)
    vTaskInternalSetTimeOutState             0x080052dd   Thumb Code    14  tasks.o(i.vTaskInternalSetTimeOutState)
    vTaskMissedYield                         0x080052f5   Thumb Code     8  tasks.o(i.vTaskMissedYield)
    vTaskPlaceOnEventList                    0x08005301   Thumb Code    28  tasks.o(i.vTaskPlaceOnEventList)
    vTaskPriorityDisinheritAfterTimeout      0x08005321   Thumb Code   208  tasks.o(i.vTaskPriorityDisinheritAfterTimeout)
    vTaskStartScheduler                      0x080053f9   Thumb Code    60  tasks.o(i.vTaskStartScheduler)
    vTaskSuspendAll                          0x08005445   Thumb Code    12  tasks.o(i.vTaskSuspendAll)
    vTaskSwitchContext                       0x08005455   Thumb Code    84  tasks.o(i.vTaskSwitchContext)
    xPortStartScheduler                      0x080054bd   Thumb Code    42  port.o(i.xPortStartScheduler)
    xPortSysTickHandler                      0x080054f1   Thumb Code    46  port.o(i.xPortSysTickHandler)
    xQueueCreateMutex                        0x08005525   Thumb Code    34  queue.o(i.xQueueCreateMutex)
    xQueueGenericCreate                      0x08005547   Thumb Code    76  queue.o(i.xQueueGenericCreate)
    xQueueGenericReset                       0x08005595   Thumb Code   156  queue.o(i.xQueueGenericReset)
    xQueueGenericSend                        0x08005635   Thumb Code   276  queue.o(i.xQueueGenericSend)
    xQueueSemaphoreTake                      0x0800574d   Thumb Code   300  queue.o(i.xQueueSemaphoreTake)
    xTaskCheckForTimeOut                     0x0800587d   Thumb Code    88  tasks.o(i.xTaskCheckForTimeOut)
    xTaskCreate                              0x080058dd   Thumb Code    56  tasks.o(i.xTaskCreate)
    xTaskGetSchedulerState                   0x08005915   Thumb Code    24  tasks.o(i.xTaskGetSchedulerState)
    xTaskGetTickCount                        0x08005935   Thumb Code     6  tasks.o(i.xTaskGetTickCount)
    xTaskIncrementTick                       0x08005941   Thumb Code   372  tasks.o(i.xTaskIncrementTick)
    xTaskPriorityDisinherit                  0x08005ae1   Thumb Code   170  tasks.o(i.xTaskPriorityDisinherit)
    xTaskPriorityInherit                     0x08005b95   Thumb Code   230  tasks.o(i.xTaskPriorityInherit)
    xTaskRemoveFromEventList                 0x08005c89   Thumb Code   256  tasks.o(i.xTaskRemoveFromEventList)
    xTaskResumeAll                           0x08005da1   Thumb Code   340  tasks.o(i.xTaskResumeAll)
    _get_lc_ctype                            0x08005f19   Thumb Code    44  lc_ctype_c.o(locale$$code)
    HZ_FONT_16                               0x08005f5b   Data        4640  font.o(.constdata)
    asc16                                    0x08007190   Data        1521  lcd.o(.constdata)
    Region$$Table$$Base                      0x0800797c   Number         0  anon$$obj.o(Region$$Table)
    Region$$Table$$Limit                     0x0800799c   Number         0  anon$$obj.o(Region$$Table)
    __ctype                                  0x080079a9   Data           0  lc_ctype_c.o(locale$$data)
    SystemCoreClock                          0x20000000   Data           4  system_stm32f10x.o(.data)
    AHBPrescTable                            0x20000004   Data          16  system_stm32f10x.o(.data)
    pxCurrentTCB                             0x20000098   Data           4  tasks.o(.data)
    __libspace_start                         0x20003214   Data          96  libspace.o(.bss)
    __temporary_stack_top$libspace           0x20003274   Data           0  libspace.o(.bss)



==============================================================================

Memory Map of the image

  Image Entry point : 0x080000ed

  Load Region LR_IROM1 (Base: 0x08000000, Size: 0x00007b84, Max: 0x00010000, ABSOLUTE)

    Execution Region ER_IROM1 (Exec base: 0x08000000, Load base: 0x08000000, Size: 0x00007aac, Max: 0x00010000, ABSOLUTE)

    Exec Addr    Load Addr    Size         Type   Attr      Idx    E Section Name        Object

    0x08000000   0x08000000   0x000000ec   Data   RO            3    RESET               startup_stm32f10x_md.o
    0x080000ec   0x080000ec   0x00000008   Code   RO         5726  * !!!main             c_w.l(__main.o)
    0x080000f4   0x080000f4   0x00000034   Code   RO         5931    !!!scatter          c_w.l(__scatter.o)
    0x08000128   0x08000128   0x0000001a   Code   RO         5933    !!handler_copy      c_w.l(__scatter_copy.o)
    0x08000142   0x08000142   0x00000002   PAD
    0x08000144   0x08000144   0x0000001c   Code   RO         5935    !!handler_zi        c_w.l(__scatter_zi.o)
    0x08000160   0x08000160   0x00000000   Code   RO         5709    .ARM.Collect$$_printf_percent$$00000000  c_w.l(_printf_percent.o)
    0x08000160   0x08000160   0x00000006   Code   RO         5707    .ARM.Collect$$_printf_percent$$00000009  c_w.l(_printf_d.o)
    0x08000166   0x08000166   0x00000006   Code   RO         5708    .ARM.Collect$$_printf_percent$$0000000A  c_w.l(_printf_u.o)
    0x0800016c   0x0800016c   0x00000006   Code   RO         5706    .ARM.Collect$$_printf_percent$$00000014  c_w.l(_printf_s.o)
    0x08000172   0x08000172   0x00000004   Code   RO         5746    .ARM.Collect$$_printf_percent$$00000017  c_w.l(_printf_percent_end.o)
    0x08000176   0x08000176   0x00000002   Code   RO         5800    .ARM.Collect$$libinit$$00000000  c_w.l(libinit.o)
    0x08000178   0x08000178   0x00000000   Code   RO         5812    .ARM.Collect$$libinit$$00000002  c_w.l(libinit2.o)
    0x08000178   0x08000178   0x00000000   Code   RO         5814    .ARM.Collect$$libinit$$00000004  c_w.l(libinit2.o)
    0x08000178   0x08000178   0x00000000   Code   RO         5817    .ARM.Collect$$libinit$$0000000A  c_w.l(libinit2.o)
    0x08000178   0x08000178   0x00000000   Code   RO         5819    .ARM.Collect$$libinit$$0000000C  c_w.l(libinit2.o)
    0x08000178   0x08000178   0x00000000   Code   RO         5821    .ARM.Collect$$libinit$$0000000E  c_w.l(libinit2.o)
    0x08000178   0x08000178   0x00000006   Code   RO         5822    .ARM.Collect$$libinit$$0000000F  c_w.l(libinit2.o)
    0x0800017e   0x0800017e   0x00000000   Code   RO         5824    .ARM.Collect$$libinit$$00000011  c_w.l(libinit2.o)
    0x0800017e   0x0800017e   0x0000000c   Code   RO         5825    .ARM.Collect$$libinit$$00000012  c_w.l(libinit2.o)
    0x0800018a   0x0800018a   0x00000000   Code   RO         5826    .ARM.Collect$$libinit$$00000013  c_w.l(libinit2.o)
    0x0800018a   0x0800018a   0x00000000   Code   RO         5828    .ARM.Collect$$libinit$$00000015  c_w.l(libinit2.o)
    0x0800018a   0x0800018a   0x00000000   Code   RO         5830    .ARM.Collect$$libinit$$00000017  c_w.l(libinit2.o)
    0x0800018a   0x0800018a   0x00000000   Code   RO         5832    .ARM.Collect$$libinit$$00000019  c_w.l(libinit2.o)
    0x0800018a   0x0800018a   0x00000000   Code   RO         5834    .ARM.Collect$$libinit$$0000001B  c_w.l(libinit2.o)
    0x0800018a   0x0800018a   0x00000000   Code   RO         5836    .ARM.Collect$$libinit$$0000001D  c_w.l(libinit2.o)
    0x0800018a   0x0800018a   0x00000000   Code   RO         5838    .ARM.Collect$$libinit$$0000001F  c_w.l(libinit2.o)
    0x0800018a   0x0800018a   0x00000000   Code   RO         5840    .ARM.Collect$$libinit$$00000021  c_w.l(libinit2.o)
    0x0800018a   0x0800018a   0x00000000   Code   RO         5842    .ARM.Collect$$libinit$$00000023  c_w.l(libinit2.o)
    0x0800018a   0x0800018a   0x00000000   Code   RO         5844    .ARM.Collect$$libinit$$00000025  c_w.l(libinit2.o)
    0x0800018a   0x0800018a   0x00000000   Code   RO         5848    .ARM.Collect$$libinit$$0000002C  c_w.l(libinit2.o)
    0x0800018a   0x0800018a   0x00000000   Code   RO         5850    .ARM.Collect$$libinit$$0000002E  c_w.l(libinit2.o)
    0x0800018a   0x0800018a   0x00000000   Code   RO         5852    .ARM.Collect$$libinit$$00000030  c_w.l(libinit2.o)
    0x0800018a   0x0800018a   0x00000000   Code   RO         5854    .ARM.Collect$$libinit$$00000032  c_w.l(libinit2.o)
    0x0800018a   0x0800018a   0x00000002   Code   RO         5855    .ARM.Collect$$libinit$$00000033  c_w.l(libinit2.o)
    0x0800018c   0x0800018c   0x00000002   Code   RO         5886    .ARM.Collect$$libshutdown$$00000000  c_w.l(libshutdown.o)
    0x0800018e   0x0800018e   0x00000000   Code   RO         5912    .ARM.Collect$$libshutdown$$00000002  c_w.l(libshutdown2.o)
    0x0800018e   0x0800018e   0x00000000   Code   RO         5914    .ARM.Collect$$libshutdown$$00000004  c_w.l(libshutdown2.o)
    0x0800018e   0x0800018e   0x00000000   Code   RO         5916    .ARM.Collect$$libshutdown$$00000006  c_w.l(libshutdown2.o)
    0x0800018e   0x0800018e   0x00000000   Code   RO         5919    .ARM.Collect$$libshutdown$$00000009  c_w.l(libshutdown2.o)
    0x0800018e   0x0800018e   0x00000000   Code   RO         5922    .ARM.Collect$$libshutdown$$0000000C  c_w.l(libshutdown2.o)
    0x0800018e   0x0800018e   0x00000000   Code   RO         5924    .ARM.Collect$$libshutdown$$0000000E  c_w.l(libshutdown2.o)
    0x0800018e   0x0800018e   0x00000000   Code   RO         5927    .ARM.Collect$$libshutdown$$00000011  c_w.l(libshutdown2.o)
    0x0800018e   0x0800018e   0x00000002   Code   RO         5928    .ARM.Collect$$libshutdown$$00000012  c_w.l(libshutdown2.o)
    0x08000190   0x08000190   0x00000000   Code   RO         5728    .ARM.Collect$$rtentry$$00000000  c_w.l(__rtentry.o)
    0x08000190   0x08000190   0x00000000   Code   RO         5755    .ARM.Collect$$rtentry$$00000002  c_w.l(__rtentry2.o)
    0x08000190   0x08000190   0x00000006   Code   RO         5767    .ARM.Collect$$rtentry$$00000004  c_w.l(__rtentry4.o)
    0x08000196   0x08000196   0x00000000   Code   RO         5757    .ARM.Collect$$rtentry$$00000009  c_w.l(__rtentry2.o)
    0x08000196   0x08000196   0x00000004   Code   RO         5758    .ARM.Collect$$rtentry$$0000000A  c_w.l(__rtentry2.o)
    0x0800019a   0x0800019a   0x00000000   Code   RO         5760    .ARM.Collect$$rtentry$$0000000C  c_w.l(__rtentry2.o)
    0x0800019a   0x0800019a   0x00000008   Code   RO         5761    .ARM.Collect$$rtentry$$0000000D  c_w.l(__rtentry2.o)
    0x080001a2   0x080001a2   0x00000002   Code   RO         5801    .ARM.Collect$$rtexit$$00000000  c_w.l(rtexit.o)
    0x080001a4   0x080001a4   0x00000000   Code   RO         5859    .ARM.Collect$$rtexit$$00000002  c_w.l(rtexit2.o)
    0x080001a4   0x080001a4   0x00000004   Code   RO         5860    .ARM.Collect$$rtexit$$00000003  c_w.l(rtexit2.o)
    0x080001a8   0x080001a8   0x00000006   Code   RO         5861    .ARM.Collect$$rtexit$$00000004  c_w.l(rtexit2.o)
    0x080001ae   0x080001ae   0x00000002   PAD
    0x080001b0   0x080001b0   0x00000096   Code   RO         4754    .emb_text           port.o
    0x08000246   0x08000246   0x00000002   PAD
    0x08000248   0x08000248   0x00000040   Code   RO            4    .text               startup_stm32f10x_md.o
    0x08000288   0x08000288   0x000000ee   Code   RO         5672    .text               c_w.l(lludivv7m.o)
    0x08000376   0x08000376   0x00000002   PAD
    0x08000378   0x08000378   0x00000028   Code   RO         5676    .text               c_w.l(noretval__2sprintf.o)
    0x080003a0   0x080003a0   0x0000004e   Code   RO         5680    .text               c_w.l(_printf_pad.o)
    0x080003ee   0x080003ee   0x00000052   Code   RO         5682    .text               c_w.l(_printf_str.o)
    0x08000440   0x08000440   0x00000078   Code   RO         5684    .text               c_w.l(_printf_dec.o)
    0x080004b8   0x080004b8   0x0000010e   Code   RO         5694    .text               c_w.l(__printf_wp.o)
    0x080005c6   0x080005c6   0x0000001a   Code   RO         5710    .text               c_w.l(atoi.o)
    0x080005e0   0x080005e0   0x00000024   Code   RO         5712    .text               c_w.l(strstr.o)
    0x08000604   0x08000604   0x00000058   Code   RO         5714    .text               c_w.l(memcmp.o)
    0x0800065c   0x0800065c   0x0000003e   Code   RO         5716    .text               c_w.l(strlen.o)
    0x0800069a   0x0800069a   0x0000008a   Code   RO         5718    .text               c_w.l(rt_memcpy_v6.o)
    0x08000724   0x08000724   0x0000004e   Code   RO         5722    .text               c_w.l(rt_memclr_w.o)
    0x08000772   0x08000772   0x00000006   Code   RO         5724    .text               c_w.l(heapauxi.o)
    0x08000778   0x08000778   0x00000008   Code   RO         5736    .text               c_w.l(rt_errno_addr_intlibspace.o)
    0x08000780   0x08000780   0x000000b2   Code   RO         5738    .text               c_w.l(_printf_intcommon.o)
    0x08000832   0x08000832   0x00000002   PAD
    0x08000834   0x08000834   0x00000030   Code   RO         5740    .text               c_w.l(_printf_char_common.o)
    0x08000864   0x08000864   0x0000000a   Code   RO         5742    .text               c_w.l(_sputc.o)
    0x0800086e   0x0800086e   0x0000002c   Code   RO         5744    .text               c_w.l(_printf_char.o)
    0x0800089a   0x0800089a   0x00000070   Code   RO         5747    .text               c_w.l(strtol.o)
    0x0800090a   0x0800090a   0x00000064   Code   RO         5749    .text               c_w.l(rt_memcpy_w.o)
    0x0800096e   0x0800096e   0x00000002   PAD
    0x08000970   0x08000970   0x00000008   Code   RO         5751    .text               c_w.l(libspace.o)
    0x08000978   0x08000978   0x00000010   Code   RO         5769    .text               c_w.l(rt_ctype_table.o)
    0x08000988   0x08000988   0x0000009e   Code   RO         5775    .text               c_w.l(_strtoul.o)
    0x08000a26   0x08000a26   0x0000004a   Code   RO         5777    .text               c_w.l(sys_stackheap_outer.o)
    0x08000a70   0x08000a70   0x00000008   Code   RO         5782    .text               c_w.l(rt_locale_intlibspace.o)
    0x08000a78   0x08000a78   0x0000001c   Code   RO         5784    .text               c_w.l(_chval.o)
    0x08000a94   0x08000a94   0x00000012   Code   RO         5789    .text               c_w.l(exit.o)
    0x08000aa6   0x08000aa6   0x00000002   PAD
    0x08000aa8   0x08000aa8   0x00000080   Code   RO         5809    .text               c_w.l(strcmpv7m.o)
    0x08000b28   0x08000b28   0x0000000c   Code   RO         5856    .text               c_w.l(sys_exit.o)
    0x08000b34   0x08000b34   0x00000002   Code   RO         5875    .text               c_w.l(use_no_semi.o)
    0x08000b36   0x08000b36   0x00000000   Code   RO         5877    .text               c_w.l(indicate_semi.o)
    0x08000b36   0x08000b36   0x00000016   Code   RO          202    i.ADC_Cmd           stm32f10x_adc.o
    0x08000b4c   0x08000b4c   0x00000014   Code   RO          210    i.ADC_GetCalibrationStatus  stm32f10x_adc.o
    0x08000b60   0x08000b60   0x00000008   Code   RO          211    i.ADC_GetConversionValue  stm32f10x_adc.o
    0x08000b68   0x08000b68   0x00000012   Code   RO          213    i.ADC_GetFlagStatus  stm32f10x_adc.o
    0x08000b7a   0x08000b7a   0x00000014   Code   RO          216    i.ADC_GetResetCalibrationStatus  stm32f10x_adc.o
    0x08000b8e   0x08000b8e   0x00000002   PAD
    0x08000b90   0x08000b90   0x00000050   Code   RO          220    i.ADC_Init          stm32f10x_adc.o
    0x08000be0   0x08000be0   0x000000b8   Code   RO          224    i.ADC_RegularChannelConfig  stm32f10x_adc.o
    0x08000c98   0x08000c98   0x0000000a   Code   RO          225    i.ADC_ResetCalibration  stm32f10x_adc.o
    0x08000ca2   0x08000ca2   0x00000016   Code   RO          227    i.ADC_SoftwareStartConvCmd  stm32f10x_adc.o
    0x08000cb8   0x08000cb8   0x0000000a   Code   RO          229    i.ADC_StartCalibration  stm32f10x_adc.o
    0x08000cc2   0x08000cc2   0x00000002   PAD
    0x08000cc4   0x08000cc4   0x00000030   Code   RO         3825    i.AT24C02_DetectAddr  at24c02.o
    0x08000cf4   0x08000cf4   0x0000004c   Code   RO         3826    i.AT24C02_Init      at24c02.o
    0x08000d40   0x08000d40   0x00000020   Code   RO         3827    i.AT24C02_ProbeAddr  at24c02.o
    0x08000d60   0x08000d60   0x00000088   Code   RO         3828    i.AT24C02_ReadBytes  at24c02.o
    0x08000de8   0x08000de8   0x00000038   Code   RO         3829    i.AT24C02_WaitReady  at24c02.o
    0x08000e20   0x08000e20   0x000000bc   Code   RO         3830    i.AT24C02_WriteBytes  at24c02.o
    0x08000edc   0x08000edc   0x00000114   Code   RO         4006    i.AutoControl_AdjustThreshold  autocontrol.o
    0x08000ff0   0x08000ff0   0x00000044   Code   RO         4007    i.AutoControl_ApplyActuators  autocontrol.o
    0x08001034   0x08001034   0x00000038   Code   RO         4008    i.AutoControl_ApplyCommand  autocontrol.o
    0x0800106c   0x0800106c   0x0000005c   Code   RO         4009    i.AutoControl_ApplyManual  autocontrol.o
    0x080010c8   0x080010c8   0x00000094   Code   RO         4010    i.AutoControl_ClampThreshold  autocontrol.o
    0x0800115c   0x0800115c   0x0000000c   Code   RO         4011    i.AutoControl_GetAlarmFlags  autocontrol.o
    0x08001168   0x08001168   0x0000000c   Code   RO         4012    i.AutoControl_GetFanState  autocontrol.o
    0x08001174   0x08001174   0x0000000c   Code   RO         4013    i.AutoControl_GetFillState  autocontrol.o
    0x08001180   0x08001180   0x0000000c   Code   RO         4014    i.AutoControl_GetMode  autocontrol.o
    0x0800118c   0x0800118c   0x0000000c   Code   RO         4015    i.AutoControl_GetPumpState  autocontrol.o
    0x08001198   0x08001198   0x0000000c   Code   RO         4017    i.AutoControl_GetServoAngle  autocontrol.o
    0x080011a4   0x080011a4   0x00000008   Code   RO         4018    i.AutoControl_GetThreshold  autocontrol.o
    0x080011ac   0x080011ac   0x0000004c   Code   RO         4019    i.AutoControl_Init  autocontrol.o
    0x080011f8   0x080011f8   0x00000048   Code   RO         4020    i.AutoControl_LoadThreshold  autocontrol.o
    0x08001240   0x08001240   0x00000064   Code   RO         4021    i.AutoControl_SaveThreshold  autocontrol.o
    0x080012a4   0x080012a4   0x00000028   Code   RO         4022    i.AutoControl_SetDefaultThreshold  autocontrol.o
    0x080012cc   0x080012cc   0x00000024   Code   RO         4024    i.AutoControl_SetThreshold  autocontrol.o
    0x080012f0   0x080012f0   0x0000001a   Code   RO         4025    i.AutoControl_ThresholdChecksum  autocontrol.o
    0x0800130a   0x0800130a   0x00000002   PAD
    0x0800130c   0x0800130c   0x00000018   Code   RO         4026    i.AutoControl_ToggleMode  autocontrol.o
    0x08001324   0x08001324   0x00000148   Code   RO         4027    i.AutoControl_UpdateAuto  autocontrol.o
    0x0800146c   0x0800146c   0x00000038   Code   RO         4487    i.BuildSensorSnapshot  main.o
    0x080014a4   0x080014a4   0x00000004   Code   RO         4612    i.BusFault_Handler  stm32f10x_it.o
    0x080014a8   0x080014a8   0x00000014   Code   RO         3412    i.Buzzer_Beep       buzzer.o
    0x080014bc   0x080014bc   0x00000034   Code   RO         3413    i.Buzzer_Init       buzzer.o
    0x080014f0   0x080014f0   0x00000010   Code   RO         3414    i.Buzzer_OFF        buzzer.o
    0x08001500   0x08001500   0x00000010   Code   RO         3415    i.Buzzer_ON         buzzer.o
    0x08001510   0x08001510   0x00000024   Code   RO         3479    i.DHT11_Init        dht11.o
    0x08001534   0x08001534   0x00000024   Code   RO         3480    i.DHT11_Mode_In     dht11.o
    0x08001558   0x08001558   0x00000024   Code   RO         3481    i.DHT11_Mode_Out    dht11.o
    0x0800157c   0x0800157c   0x0000004c   Code   RO         3482    i.DHT11_ReadByte    dht11.o
    0x080015c8   0x080015c8   0x000000f0   Code   RO         3483    i.DHT11_ReadOnce    dht11.o
    0x080016b8   0x080016b8   0x00000038   Code   RO         3484    i.DHT11_WaitPin     dht11.o
    0x080016f0   0x080016f0   0x00000002   Code   RO         4613    i.DebugMon_Handler  stm32f10x_it.o
    0x080016f2   0x080016f2   0x0000004a   Code   RO         3196    i.Delay_ms          delay.o
    0x0800173c   0x0800173c   0x0000000c   Code   RO         3198    i.Delay_us          delay.o
    0x08001748   0x08001748   0x0000001c   Code   RO         3199    i.Delay_us_Block    delay.o
    0x08001764   0x08001764   0x00000058   Code   RO         3200    i.Delay_us_DWT      delay.o
    0x080017bc   0x080017bc   0x0000002e   Code   RO         3201    i.Delay_us_Systick  delay.o
    0x080017ea   0x080017ea   0x00000002   PAD
    0x080017ec   0x080017ec   0x00000108   Code   RO         3645    i.ESP8266_ApplyThresholdJson  esp8266.o
    0x080018f4   0x080018f4   0x00000040   Code   RO         3646    i.ESP8266_CloseTcpLink  esp8266.o
    0x08001934   0x08001934   0x00000030   Code   RO         3647    i.ESP8266_ExitPassthrough  esp8266.o
    0x08001964   0x08001964   0x00000050   Code   RO         3648    i.ESP8266_FeedRxByte  esp8266.o
    0x080019b4   0x080019b4   0x0000000c   Code   RO         3650    i.ESP8266_GetStatus  esp8266.o
    0x080019c0   0x080019c0   0x00000068   Code   RO         3651    i.ESP8266_GetStatusText  esp8266.o
    0x08001a28   0x08001a28   0x000000d4   Code   RO         3652    i.ESP8266_HandleCommand  esp8266.o
    0x08001afc   0x08001afc   0x00000044   Code   RO         3653    i.ESP8266_Init      esp8266.o
    0x08001b40   0x08001b40   0x0000000c   Code   RO         3654    i.ESP8266_IsBusy    esp8266.o
    0x08001b4c   0x08001b4c   0x0000000c   Code   RO         3655    i.ESP8266_IsConnected  esp8266.o
    0x08001b58   0x08001b58   0x00000044   Code   RO         3656    i.ESP8266_Process   esp8266.o
    0x08001b9c   0x08001b9c   0x00000220   Code   RO         3657    i.ESP8266_PublishSensorData  esp8266.o
    0x08001dbc   0x08001dbc   0x00000234   Code   RO         3658    i.ESP8266_TCP_Connect  esp8266.o
    0x08001ff0   0x08001ff0   0x00000038   Code   RO         3660    i.ESP_CheckCmdError  esp8266.o
    0x08002028   0x08002028   0x0000004c   Code   RO         3661    i.ESP_JsonGetInt16  esp8266.o
    0x08002074   0x08002074   0x00000050   Code   RO         3662    i.ESP_JsonGetInt8   esp8266.o
    0x080020c4   0x080020c4   0x00000028   Code   RO         3663    i.ESP_JsonGetUInt8  esp8266.o
    0x080020ec   0x080020ec   0x00000034   Code   RO         3664    i.ESP_SendCmdWait   esp8266.o
    0x08002120   0x08002120   0x0000005c   Code   RO         3665    i.ESP_WaitResponse  esp8266.o
    0x0800217c   0x0800217c   0x00000034   Code   RO         3787    i.FillLight_Init    filllight.o
    0x080021b0   0x080021b0   0x00000010   Code   RO         3788    i.FillLight_OFF     filllight.o
    0x080021c0   0x080021c0   0x00000010   Code   RO         3789    i.FillLight_ON      filllight.o
    0x080021d0   0x080021d0   0x00000012   Code   RO         3790    i.FillLight_Set     filllight.o
    0x080021e2   0x080021e2   0x00000116   Code   RO         1347    i.GPIO_Init         stm32f10x_gpio.o
    0x080022f8   0x080022f8   0x00000012   Code   RO         1351    i.GPIO_ReadInputDataBit  stm32f10x_gpio.o
    0x0800230a   0x0800230a   0x00000004   Code   RO         1354    i.GPIO_ResetBits    stm32f10x_gpio.o
    0x0800230e   0x0800230e   0x00000004   Code   RO         1355    i.GPIO_SetBits      stm32f10x_gpio.o
    0x08002312   0x08002312   0x00000002   PAD
    0x08002314   0x08002314   0x00000074   Code   RO         4355    i.Gui_DrawChar16    lcd.o
    0x08002388   0x08002388   0x00000054   Code   RO         4356    i.Gui_DrawFont_GBK16  lcd.o
    0x080023dc   0x080023dc   0x00000004   Code   RO         4614    i.HardFault_Handler  stm32f10x_it.o
    0x080023e0   0x080023e0   0x00000070   Code   RO         4488    i.Hardware_Init     main.o
    0x08002450   0x08002450   0x00000038   Code   RO         3831    i.I2C_Ack           at24c02.o
    0x08002488   0x08002488   0x0000000a   Code   RO         3832    i.I2C_Delay         at24c02.o
    0x08002492   0x08002492   0x00000002   PAD
    0x08002494   0x08002494   0x00000038   Code   RO         3833    i.I2C_NAck          at24c02.o
    0x080024cc   0x080024cc   0x00000060   Code   RO         3834    i.I2C_ReadByte      at24c02.o
    0x0800252c   0x0800252c   0x00000060   Code   RO         3835    i.I2C_SendByte      at24c02.o
    0x0800258c   0x0800258c   0x00000040   Code   RO         3836    i.I2C_Start         at24c02.o
    0x080025cc   0x080025cc   0x00000040   Code   RO         3837    i.I2C_Stop          at24c02.o
    0x0800260c   0x0800260c   0x0000005c   Code   RO         3838    i.I2C_WaitAck       at24c02.o
    0x08002668   0x08002668   0x00000040   Code   RO         3317    i.Key_Enqueue       key.o
    0x080026a8   0x080026a8   0x0000003c   Code   RO         3318    i.Key_GetEvent      key.o
    0x080026e4   0x080026e4   0x0000005c   Code   RO         3319    i.Key_Init          key.o
    0x08002740   0x08002740   0x00000078   Code   RO         3320    i.Key_Update        key.o
    0x080027b8   0x080027b8   0x00000068   Code   RO         4358    i.LCD_FillRect      lcd.o
    0x08002820   0x08002820   0x00000064   Code   RO         4359    i.LCD_GPIO_Init     lcd.o
    0x08002884   0x08002884   0x00000140   Code   RO         4360    i.LCD_ShowChineseFont  lcd.o
    0x080029c4   0x080029c4   0x0000003c   Code   RO         4361    i.LCD_WriteData_16Bit  lcd.o
    0x08002a00   0x08002a00   0x00000032   Code   RO         4362    i.Lcd_Clear         lcd.o
    0x08002a32   0x08002a32   0x00000002   PAD
    0x08002a34   0x08002a34   0x00000230   Code   RO         4363    i.Lcd_Init          lcd.o
    0x08002c64   0x08002c64   0x00000028   Code   RO         4365    i.Lcd_Reset         lcd.o
    0x08002c8c   0x08002c8c   0x000000d0   Code   RO         4366    i.Lcd_SetRegion     lcd.o
    0x08002d5c   0x08002d5c   0x00000038   Code   RO         4368    i.Lcd_WriteData     lcd.o
    0x08002d94   0x08002d94   0x00000034   Code   RO         4369    i.Lcd_WriteIndex    lcd.o
    0x08002dc8   0x08002dc8   0x00000004   Code   RO         4615    i.MemManage_Handler  stm32f10x_it.o
    0x08002dcc   0x08002dcc   0x00000002   Code   RO         4616    i.NMI_Handler       stm32f10x_it.o
    0x08002dce   0x08002dce   0x00000002   PAD
    0x08002dd0   0x08002dd0   0x00000070   Code   RO          137    i.NVIC_Init         misc.o
    0x08002e40   0x08002e40   0x00000018   Code   RO         1773    i.RCC_ADCCLKConfig  stm32f10x_rcc.o
    0x08002e58   0x08002e58   0x00000020   Code   RO         1775    i.RCC_APB1PeriphClockCmd  stm32f10x_rcc.o
    0x08002e78   0x08002e78   0x00000020   Code   RO         1777    i.RCC_APB2PeriphClockCmd  stm32f10x_rcc.o
    0x08002e98   0x08002e98   0x000000d4   Code   RO         1785    i.RCC_GetClocksFreq  stm32f10x_rcc.o
    0x08002f6c   0x08002f6c   0x00000050   Code   RO         3485    i.Read_DHT11        dht11.o
    0x08002fbc   0x08002fbc   0x00000014   Code   RO         3353    i.Relay1_OFF        relay.o
    0x08002fd0   0x08002fd0   0x00000014   Code   RO         3354    i.Relay1_ON         relay.o
    0x08002fe4   0x08002fe4   0x00000014   Code   RO         3357    i.Relay2_OFF        relay.o
    0x08002ff8   0x08002ff8   0x00000014   Code   RO         3358    i.Relay2_ON         relay.o
    0x0800300c   0x0800300c   0x00000038   Code   RO         3360    i.Relay_Init        relay.o
    0x08003044   0x08003044   0x00000024   Code   RO         3839    i.SDA_In            at24c02.o
    0x08003068   0x08003068   0x00000024   Code   RO         3840    i.SDA_Out           at24c02.o
    0x0800308c   0x0800308c   0x00000040   Code   RO         4371    i.SPI_WriteByteRaw  lcd.o
    0x080030cc   0x080030cc   0x0000002c   Code   RO         3525    i.SensorADC_ConfigAnalogPins  sensoradc.o
    0x080030f8   0x080030f8   0x0000000c   Code   RO         3526    i.SensorADC_GetLight  sensoradc.o
    0x08003104   0x08003104   0x0000000c   Code   RO         3527    i.SensorADC_GetMQ2  sensoradc.o
    0x08003110   0x08003110   0x0000000c   Code   RO         3528    i.SensorADC_GetSoil  sensoradc.o
    0x0800311c   0x0800311c   0x00000078   Code   RO         3529    i.SensorADC_Init    sensoradc.o
    0x08003194   0x08003194   0x000000c8   Code   RO         3530    i.SensorADC_ReadChannelRaw  sensoradc.o
    0x0800325c   0x0800325c   0x00000012   Code   RO         3531    i.SensorADC_ToVolt_x10  sensoradc.o
    0x0800326e   0x0800326e   0x00000002   PAD
    0x08003270   0x08003270   0x00000034   Code   RO         3532    i.SensorADC_Update  sensoradc.o
    0x080032a4   0x080032a4   0x00000038   Code   RO         4489    i.SensorSnapshot_Copy  main.o
    0x080032dc   0x080032dc   0x0000002c   Code   RO         4490    i.SensorSnapshot_Update  main.o
    0x08003308   0x08003308   0x00000014   Code   RO         3582    i.Serial_FlushRx    serial.o
    0x0800331c   0x0800331c   0x00000018   Code   RO         3583    i.Serial_GetRxBuffer  serial.o
    0x08003334   0x08003334   0x0000000c   Code   RO         3584    i.Serial_GetRxLen   serial.o
    0x08003340   0x08003340   0x000000a8   Code   RO         3585    i.Serial_Init       serial.o
    0x080033e8   0x080033e8   0x0000001a   Code   RO         3586    i.Serial_SendBuffer  serial.o
    0x08003402   0x08003402   0x00000002   PAD
    0x08003404   0x08003404   0x00000020   Code   RO         3587    i.Serial_SendByte   serial.o
    0x08003424   0x08003424   0x00000016   Code   RO         3588    i.Serial_SendString  serial.o
    0x0800343a   0x0800343a   0x0000001c   Code   RO         3445    i.Servo_AngleToPulse  servo.o
    0x08003456   0x08003456   0x00000002   PAD
    0x08003458   0x08003458   0x000000f0   Code   RO         3447    i.Servo_Init        servo.o
    0x08003548   0x08003548   0x00000028   Code   RO         3448    i.Servo_SetAngle    servo.o
    0x08003570   0x08003570   0x00000008   Code   RO           24    i.SetSysClock       system_stm32f10x.o
    0x08003578   0x08003578   0x000000e0   Code   RO           25    i.SetSysClockTo72   system_stm32f10x.o
    0x08003658   0x08003658   0x00000010   Code   RO         4617    i.SysTick_Handler   stm32f10x_it.o
    0x08003668   0x08003668   0x00000060   Code   RO           27    i.SystemInit        system_stm32f10x.o
    0x080036c8   0x080036c8   0x00000018   Code   RO         2409    i.TIM_ARRPreloadConfig  stm32f10x_tim.o
    0x080036e0   0x080036e0   0x00000020   Code   RO         2410    i.TIM_BDTRConfig    stm32f10x_tim.o
    0x08003700   0x08003700   0x00000012   Code   RO         2411    i.TIM_BDTRStructInit  stm32f10x_tim.o
    0x08003712   0x08003712   0x00000018   Code   RO         2421    i.TIM_Cmd           stm32f10x_tim.o
    0x0800372a   0x0800372a   0x0000001e   Code   RO         2423    i.TIM_CtrlPWMOutputs  stm32f10x_tim.o
    0x08003748   0x08003748   0x000000a0   Code   RO         2460    i.TIM_OC3Init       stm32f10x_tim.o
    0x080037e8   0x080037e8   0x00000012   Code   RO         2463    i.TIM_OC3PreloadConfig  stm32f10x_tim.o
    0x080037fa   0x080037fa   0x00000014   Code   RO         2468    i.TIM_OCStructInit  stm32f10x_tim.o
    0x0800380e   0x0800380e   0x00000004   Code   RO         2484    i.TIM_SetCompare3   stm32f10x_tim.o
    0x08003812   0x08003812   0x00000002   PAD
    0x08003814   0x08003814   0x000000a4   Code   RO         2492    i.TIM_TimeBaseInit  stm32f10x_tim.o
    0x080038b8   0x080038b8   0x00000012   Code   RO         2493    i.TIM_TimeBaseStructInit  stm32f10x_tim.o
    0x080038ca   0x080038ca   0x00000024   Code   RO         4163    i.UI_DrawAscii      ui.o
    0x080038ee   0x080038ee   0x00000002   PAD
    0x080038f0   0x080038f0   0x0000002c   Code   RO         4164    i.UI_DrawCN         ui.o
    0x0800391c   0x0800391c   0x0000002a   Code   RO         4165    i.UI_DrawCNLabel    ui.o
    0x08003946   0x08003946   0x00000036   Code   RO         4166    i.UI_DrawCNText     ui.o
    0x0800397c   0x0800397c   0x00000030   Code   RO         4167    i.UI_DrawCNValue    ui.o
    0x080039ac   0x080039ac   0x000000d0   Code   RO         4168    i.UI_DrawCtrlDynamic  ui.o
    0x08003a7c   0x08003a7c   0x00000080   Code   RO         4169    i.UI_DrawCtrlStatic  ui.o
    0x08003afc   0x08003afc   0x000000c8   Code   RO         4170    i.UI_DrawEnv1Dynamic  ui.o
    0x08003bc4   0x08003bc4   0x0000008c   Code   RO         4171    i.UI_DrawEnv1Static  ui.o
    0x08003c50   0x08003c50   0x000000da   Code   RO         4172    i.UI_DrawEnv2Dynamic  ui.o
    0x08003d2a   0x08003d2a   0x00000002   PAD
    0x08003d2c   0x08003d2c   0x00000094   Code   RO         4173    i.UI_DrawEnv2Static  ui.o
    0x08003dc0   0x08003dc0   0x00000068   Code   RO         4175    i.UI_DrawFooterAdjust  ui.o
    0x08003e28   0x08003e28   0x00000048   Code   RO         4176    i.UI_DrawFooterPage  ui.o
    0x08003e70   0x08003e70   0x00000040   Code   RO         4178    i.UI_DrawModeDynamic  ui.o
    0x08003eb0   0x08003eb0   0x000000c8   Code   RO         4179    i.UI_DrawModeStatic  ui.o
    0x08003f78   0x08003f78   0x0000003c   Code   RO         4180    i.UI_DrawOnOffValue  ui.o
    0x08003fb4   0x08003fb4   0x00000044   Code   RO         4181    i.UI_DrawPageDynamic  ui.o
    0x08003ff8   0x08003ff8   0x00000034   Code   RO         4182    i.UI_DrawPageNum    ui.o
    0x0800402c   0x0800402c   0x0000003c   Code   RO         4183    i.UI_DrawPageStatic  ui.o
    0x08004068   0x08004068   0x000000cc   Code   RO         4184    i.UI_DrawSettingDynamic  ui.o
    0x08004134   0x08004134   0x000000a8   Code   RO         4185    i.UI_DrawSettingStatic  ui.o
    0x080041dc   0x080041dc   0x0000006c   Code   RO         4186    i.UI_DrawTcpStatus  ui.o
    0x08004248   0x08004248   0x00000028   Code   RO         4187    i.UI_DrawValue      ui.o
    0x08004270   0x08004270   0x0000000c   Code   RO         4188    i.UI_ForceRedraw    ui.o
    0x0800427c   0x0800427c   0x00000030   Code   RO         4189    i.UI_FormatVolt     ui.o
    0x080042ac   0x080042ac   0x00000034   Code   RO         4190    i.UI_Init           ui.o
    0x080042e0   0x080042e0   0x00000190   Code   RO         4191    i.UI_OnKey          ui.o
    0x08004470   0x08004470   0x00000002   Code   RO         4192    i.UI_SetTick        ui.o
    0x08004472   0x08004472   0x00000002   PAD
    0x08004474   0x08004474   0x00000040   Code   RO         4193    i.UI_Update         ui.o
    0x080044b4   0x080044b4   0x00000040   Code   RO         3589    i.USART2_IRQHandler  serial.o
    0x080044f4   0x080044f4   0x00000018   Code   RO         2960    i.USART_Cmd         stm32f10x_usart.o
    0x0800450c   0x0800450c   0x0000001a   Code   RO         2963    i.USART_GetFlagStatus  stm32f10x_usart.o
    0x08004526   0x08004526   0x00000054   Code   RO         2964    i.USART_GetITStatus  stm32f10x_usart.o
    0x0800457a   0x0800457a   0x0000004a   Code   RO         2966    i.USART_ITConfig    stm32f10x_usart.o
    0x080045c4   0x080045c4   0x000000d8   Code   RO         2967    i.USART_Init        stm32f10x_usart.o
    0x0800469c   0x0800469c   0x0000000a   Code   RO         2974    i.USART_ReceiveData  stm32f10x_usart.o
    0x080046a6   0x080046a6   0x00000008   Code   RO         2977    i.USART_SendData    stm32f10x_usart.o
    0x080046ae   0x080046ae   0x00000004   Code   RO         4618    i.UsageFault_Handler  stm32f10x_it.o
    0x080046b2   0x080046b2   0x00000006   Code   RO         4373    i.__get_PRIMASK     lcd.o
    0x080046b8   0x080046b8   0x00000006   Code   RO         4374    i.__set_PRIMASK     lcd.o
    0x080046be   0x080046be   0x0000000e   Code   RO         5696    i._is_digit         c_w.l(__printf_wp.o)
    0x080046cc   0x080046cc   0x00000074   Code   RO         4491    i.comm_task         main.o
    0x08004740   0x08004740   0x000000c0   Code   RO         4492    i.control_task      main.o
    0x08004800   0x08004800   0x00000034   Code   RO         4493    i.main              main.o
    0x08004834   0x08004834   0x000000cc   Code   RO         5295    i.prvAddCurrentTaskToDelayedList  tasks.o
    0x08004900   0x08004900   0x000000f0   Code   RO         5296    i.prvAddNewTaskToReadyList  tasks.o
    0x080049f0   0x080049f0   0x00000048   Code   RO         5297    i.prvCheckTasksWaitingTermination  tasks.o
    0x08004a38   0x08004a38   0x0000007e   Code   RO         4955    i.prvCopyDataToQueue  queue.o
    0x08004ab6   0x08004ab6   0x00000002   PAD
    0x08004ab8   0x08004ab8   0x00000078   Code   RO         5298    i.prvCreateIdleTasks  tasks.o
    0x08004b30   0x08004b30   0x0000005a   Code   RO         5299    i.prvCreateTask     tasks.o
    0x08004b8a   0x08004b8a   0x00000012   Code   RO         5300    i.prvDeleteTCB      tasks.o
    0x08004b9c   0x08004b9c   0x00000014   Code   RO         4956    i.prvGetHighestPriorityOfWaitToReceiveList  queue.o
    0x08004bb0   0x08004bb0   0x0000006c   Code   RO         4663    i.prvHeapInit       heap_4.o
    0x08004c1c   0x08004c1c   0x00000028   Code   RO         5301    i.prvIdleTask       tasks.o
    0x08004c44   0x08004c44   0x0000001e   Code   RO         4957    i.prvInitialiseMutex  queue.o
    0x08004c62   0x08004c62   0x00000026   Code   RO         4958    i.prvInitialiseNewQueue  queue.o
    0x08004c88   0x08004c88   0x0000007c   Code   RO         5302    i.prvInitialiseNewTask  tasks.o
    0x08004d04   0x08004d04   0x00000068   Code   RO         5303    i.prvInitialiseTaskLists  tasks.o
    0x08004d6c   0x08004d6c   0x00000068   Code   RO         4664    i.prvInsertBlockIntoFreeList  heap_4.o
    0x08004dd4   0x08004dd4   0x0000001a   Code   RO         4959    i.prvIsQueueEmpty   queue.o
    0x08004dee   0x08004dee   0x0000001e   Code   RO         4960    i.prvIsQueueFull    queue.o
    0x08004e0c   0x08004e0c   0x00000030   Code   RO         5304    i.prvResetNextTaskUnblockTime  tasks.o
    0x08004e3c   0x08004e3c   0x00000016   Code   RO         4755    i.prvTaskExitError  port.o
    0x08004e52   0x08004e52   0x0000007e   Code   RO         4961    i.prvUnlockQueue    queue.o
    0x08004ed0   0x08004ed0   0x00000104   Code   RO         4666    i.pvPortMalloc      heap_4.o
    0x08004fd4   0x08004fd4   0x00000014   Code   RO         5306    i.pvTaskIncrementMutexHeldCount  tasks.o
    0x08004fe8   0x08004fe8   0x00000024   Code   RO         4756    i.pxPortInitialiseStack  port.o
    0x0800500c   0x0800500c   0x00000074   Code   RO         4494    i.start_task        main.o
    0x08005080   0x08005080   0x00000028   Code   RO         4917    i.uxListRemove      list.o
    0x080050a8   0x080050a8   0x0000001a   Code   RO         4918    i.vListInitialise   list.o
    0x080050c2   0x080050c2   0x00000006   Code   RO         4919    i.vListInitialiseItem  list.o
    0x080050c8   0x080050c8   0x00000034   Code   RO         4920    i.vListInsert       list.o
    0x080050fc   0x080050fc   0x00000018   Code   RO         4921    i.vListInsertEnd    list.o
    0x08005114   0x08005114   0x00000024   Code   RO         4758    i.vPortEnterCritical  port.o
    0x08005138   0x08005138   0x00000020   Code   RO         4759    i.vPortExitCritical  port.o
    0x08005158   0x08005158   0x0000004c   Code   RO         4667    i.vPortFree         heap_4.o
    0x080051a4   0x080051a4   0x00000018   Code   RO         4760    i.vPortSetupTimerInterrupt  port.o
    0x080051bc   0x080051bc   0x00000034   Code   RO         5315    i.vTaskDelay        tasks.o
    0x080051f0   0x080051f0   0x000000ec   Code   RO         5316    i.vTaskDelete       tasks.o
    0x080052dc   0x080052dc   0x00000018   Code   RO         5319    i.vTaskInternalSetTimeOutState  tasks.o
    0x080052f4   0x080052f4   0x0000000c   Code   RO         5320    i.vTaskMissedYield  tasks.o
    0x08005300   0x08005300   0x00000020   Code   RO         5321    i.vTaskPlaceOnEventList  tasks.o
    0x08005320   0x08005320   0x000000d8   Code   RO         5323    i.vTaskPriorityDisinheritAfterTimeout  tasks.o
    0x080053f8   0x080053f8   0x0000004c   Code   RO         5329    i.vTaskStartScheduler  tasks.o
    0x08005444   0x08005444   0x00000010   Code   RO         5331    i.vTaskSuspendAll   tasks.o
    0x08005454   0x08005454   0x00000068   Code   RO         5332    i.vTaskSwitchContext  tasks.o
    0x080054bc   0x080054bc   0x00000034   Code   RO         4761    i.xPortStartScheduler  port.o
    0x080054f0   0x080054f0   0x00000034   Code   RO         4762    i.xPortSysTickHandler  port.o
    0x08005524   0x08005524   0x00000022   Code   RO         4970    i.xQueueCreateMutex  queue.o
    0x08005546   0x08005546   0x0000004c   Code   RO         4971    i.xQueueGenericCreate  queue.o
    0x08005592   0x08005592   0x00000002   PAD
    0x08005594   0x08005594   0x000000a0   Code   RO         4972    i.xQueueGenericReset  queue.o
    0x08005634   0x08005634   0x00000118   Code   RO         4973    i.xQueueGenericSend  queue.o
    0x0800574c   0x0800574c   0x00000130   Code   RO         4982    i.xQueueSemaphoreTake  queue.o
    0x0800587c   0x0800587c   0x00000060   Code   RO         5334    i.xTaskCheckForTimeOut  tasks.o
    0x080058dc   0x080058dc   0x00000038   Code   RO         5335    i.xTaskCreate       tasks.o
    0x08005914   0x08005914   0x00000020   Code   RO         5343    i.xTaskGetSchedulerState  tasks.o
    0x08005934   0x08005934   0x0000000c   Code   RO         5344    i.xTaskGetTickCount  tasks.o
    0x08005940   0x08005940   0x000001a0   Code   RO         5346    i.xTaskIncrementTick  tasks.o
    0x08005ae0   0x08005ae0   0x000000b4   Code   RO         5347    i.xTaskPriorityDisinherit  tasks.o
    0x08005b94   0x08005b94   0x000000f4   Code   RO         5348    i.xTaskPriorityInherit  tasks.o
    0x08005c88   0x08005c88   0x00000118   Code   RO         5349    i.xTaskRemoveFromEventList  tasks.o
    0x08005da0   0x08005da0   0x00000178   Code   RO         5350    i.xTaskResumeAll    tasks.o
    0x08005f18   0x08005f18   0x0000002c   Code   RO         5787    locale$$code        c_w.l(lc_ctype_c.o)
    0x08005f44   0x08005f44   0x0000000f   Data   RO         3321    .constdata          key.o
    0x08005f53   0x08005f53   0x00000008   Data   RO         3841    .constdata          at24c02.o
    0x08005f5b   0x08005f5b   0x00001220   Data   RO         4156    .constdata          font.o
    0x0800717b   0x0800717b   0x00000001   PAD
    0x0800717c   0x0800717c   0x00000014   Data   RO         4194    .constdata          ui.o
    0x08007190   0x08007190   0x000005f1   Data   RO         4375    .constdata          lcd.o
    0x08007781   0x08007781   0x00000003   PAD
    0x08007784   0x08007784   0x000001f8   Data   RO         3667    .conststring        esp8266.o
    0x0800797c   0x0800797c   0x00000020   Data   RO         5929    Region$$Table       anon$$obj.o
    0x0800799c   0x0800799c   0x00000110   Data   RO         5786    locale$$data        c_w.l(lc_ctype_c.o)


    Execution Region RW_IRAM1 (Exec base: 0x20000000, Load base: 0x08007aac, Size: 0x00003878, Max: 0x00005000, ABSOLUTE)

    Exec Addr    Load Addr    Size         Type   Attr      Idx    E Section Name        Object

    0x20000000   0x08007aac   0x00000014   Data   RW           28    .data               system_stm32f10x.o
    0x20000014   0x08007ac0   0x00000014   Data   RW         1805    .data               stm32f10x_rcc.o
    0x20000028   0x08007ad4   0x00000010   Data   RW         3322    .data               key.o
    0x20000038   0x08007ae4   0x00000001   Data   RW         3449    .data               servo.o
    0x20000039   0x08007ae5   0x00000001   PAD
    0x2000003a   0x08007ae6   0x00000006   Data   RW         3533    .data               sensoradc.o
    0x20000040   0x08007aec   0x00000002   Data   RW         3591    .data               serial.o
    0x20000042   0x08007aee   0x00000006   Data   RW         3668    .data               esp8266.o
    0x20000048   0x08007af4   0x00000001   Data   RW         3842    .data               at24c02.o
    0x20000049   0x08007af5   0x0000000e   Data   RW         4029    .data               autocontrol.o
    0x20000057   0x08007b03   0x00000005   Data   RW         4195    .data               ui.o
    0x2000005c   0x08007b08   0x0000001c   Data   RW         4496    .data               main.o
    0x20000078   0x08007b24   0x0000001c   Data   RW         4675    .data               heap_4.o
    0x20000094   0x08007b40   0x00000004   Data   RW         4763    .data               port.o
    0x20000098   0x08007b44   0x00000040   Data   RW         5353    .data               tasks.o
    0x200000d8        -       0x00000400   Zero   RW         3590    .bss                serial.o
    0x200004d8        -       0x00000240   Zero   RW         3666    .bss                esp8266.o
    0x20000718        -       0x0000000c   Zero   RW         4028    .bss                autocontrol.o
    0x20000724        -       0x0000000a   Zero   RW         4495    .bss                main.o
    0x2000072e        -       0x00002800   Zero   RW         4674    .bss                heap_4.o
    0x20002f2e   0x08007b84   0x00000002   PAD
    0x20002f30        -       0x000002e4   Zero   RW         5352    .bss                tasks.o
    0x20003214        -       0x00000060   Zero   RW         5752    .bss                c_w.l(libspace.o)
    0x20003274   0x08007b84   0x00000004   PAD
    0x20003278        -       0x00000200   Zero   RW            2    HEAP                startup_stm32f10x_md.o
    0x20003478        -       0x00000400   Zero   RW            1    STACK               startup_stm32f10x_md.o


==============================================================================

Image component sizes


      Code (inc. data)   RO Data    RW Data    ZI Data      Debug   Object Name

      1142         78          8          1          0     219160   at24c02.o
      1422        182          0         14         12      12444   autocontrol.o
       104         14          0          0          0       1805   buzzer.o
         0          0          0          0          0       4516   core_cm3.o
       248         16          0          0          0      26001   delay.o
       560         32          0          0          0       5038   dht11.o
      2448        642        504          6        576      13454   esp8266.o
         0          0          0          0          0      12908   event_groups.o
       102         14          0          0          0       1852   filllight.o
         0          0       4640          0          0        401   font.o
       548         56          0         28      10240       7387   heap_4.o
       336         68         15         16          0       3011   key.o
      1826         58       1521          0          0      24827   lcd.o
       148          0          0          0          0       3106   list.o
       744        112          0         28         10      22627   main.o
       112         12          0          0          0     213276   misc.o
       404         48          0          4          0       9032   port.o
      1250         12          0          0          0      13233   queue.o
       136         30          0          0          0       2151   relay.o
       470         48          0          6          0       4355   sensoradc.o
       368         50          0          2       1024       4628   serial.o
       308         20          0          1          0       1850   servo.o
        64         26        236          0       1536        812   startup_stm32f10x_md.o
       394         10          0          0          0      18245   stm32f10x_adc.o
       304          0          0          0          0      11764   stm32f10x_gpio.o
        36          0          0          0          0       2927   stm32f10x_it.o
       300         38          0         20          0      13457   stm32f10x_rcc.o
       512         52          0          0          0      26654   stm32f10x_tim.o
       442          6          0          0          0      11833   stm32f10x_usart.o
       328         28          0         20          0      45461   system_stm32f10x.o
      3540        402          0         64        740      37035   tasks.o
      3044        340         20          5          0      16807   ui.o

    ----------------------------------------------------------------------
     21676       2394       6980        216      14140     792057   Object Totals
         0          0         32          0          0          0   (incl. Generated)
        36          0          4          1          2          0   (incl. Padding)

    ----------------------------------------------------------------------

      Code (inc. data)   RO Data    RW Data    ZI Data      Debug   Library Member Name

         8          0          0          0          0         68   __main.o
       284          0          0          0          0        156   __printf_wp.o
         0          0          0          0          0          0   __rtentry.o
        12          0          0          0          0          0   __rtentry2.o
         6          0          0          0          0          0   __rtentry4.o
        52          8          0          0          0          0   __scatter.o
        26          0          0          0          0          0   __scatter_copy.o
        28          0          0          0          0          0   __scatter_zi.o
        28          0          0          0          0         68   _chval.o
        44          0          0          0          0        108   _printf_char.o
        48          6          0          0          0         96   _printf_char_common.o
         6          0          0          0          0          0   _printf_d.o
       120         16          0          0          0         92   _printf_dec.o
       178          0          0          0          0         88   _printf_intcommon.o
        78          0          0          0          0        108   _printf_pad.o
         0          0          0          0          0          0   _printf_percent.o
         4          0          0          0          0          0   _printf_percent_end.o
         6          0          0          0          0          0   _printf_s.o
        82          0          0          0          0         80   _printf_str.o
         6          0          0          0          0          0   _printf_u.o
        10          0          0          0          0         68   _sputc.o
       158          0          0          0          0         92   _strtoul.o
        26          0          0          0          0         80   atoi.o
        18          0          0          0          0         80   exit.o
         6          0          0          0          0        152   heapauxi.o
         0          0          0          0          0          0   indicate_semi.o
        44         10        272          0          0         76   lc_ctype_c.o
         2          0          0          0          0          0   libinit.o
        20          0          0          0          0          0   libinit2.o
         2          0          0          0          0          0   libshutdown.o
         2          0          0          0          0          0   libshutdown2.o
         8          4          0          0         96         68   libspace.o
       238          0          0          0          0        100   lludivv7m.o
        88          0          0          0          0         76   memcmp.o
        40          6          0          0          0         84   noretval__2sprintf.o
        16          4          0          0          0         76   rt_ctype_table.o
         8          4          0          0          0         68   rt_errno_addr_intlibspace.o
         8          4          0          0          0         68   rt_locale_intlibspace.o
        78          0          0          0          0         80   rt_memclr_w.o
       138          0          0          0          0         68   rt_memcpy_v6.o
       100          0          0          0          0         80   rt_memcpy_w.o
         2          0          0          0          0          0   rtexit.o
        10          0          0          0          0          0   rtexit2.o
       128          0          0          0          0         68   strcmpv7m.o
        62          0          0          0          0         76   strlen.o
        36          0          0          0          0         80   strstr.o
       112          0          0          0          0         88   strtol.o
        12          4          0          0          0         68   sys_exit.o
        74          0          0          0          0         80   sys_stackheap_outer.o
         2          0          0          0          0         68   use_no_semi.o

    ----------------------------------------------------------------------
      2476         66        272          0        100       2708   Library Totals
        12          0          0          0          4          0   (incl. Padding)

    ----------------------------------------------------------------------

      Code (inc. data)   RO Data    RW Data    ZI Data      Debug   Library Name

      2464         66        272          0         96       2708   c_w.l

    ----------------------------------------------------------------------
      2476         66        272          0        100       2708   Library Totals

    ----------------------------------------------------------------------

==============================================================================


      Code (inc. data)   RO Data    RW Data    ZI Data      Debug   

     24152       2460       7252        216      14240     779993   Grand Totals
     24152       2460       7252        216      14240     779993   ELF Image Totals
     24152       2460       7252        216          0          0   ROM Totals

==============================================================================

    Total RO  Size (Code + RO Data)                31404 (  30.67kB)
    Total RW  Size (RW Data + ZI Data)             14456 (  14.12kB)
    Total ROM Size (Code + RO Data + RW Data)      31620 (  30.88kB)

==============================================================================

